Archive member included to satisfy reference by file (symbol)

c:/vsarm/armcc/bin/../lib/gcc/arm-none-eabi/9.3.1/../../../../arm-none-eabi/lib/thumb/v7e-m+fp/hard\libstdc++_nano.a(atexit_arm.o)
                              Build/robo_init.o (__aeabi_atexit)
c:/vsarm/armcc/bin/../lib/gcc/arm-none-eabi/9.3.1/../../../../arm-none-eabi/lib/thumb/v7e-m+fp/hard\libc_nano.a(lib_a-cxa_atexit.o)
                              c:/vsarm/armcc/bin/../lib/gcc/arm-none-eabi/9.3.1/../../../../arm-none-eabi/lib/thumb/v7e-m+fp/hard\libstdc++_nano.a(atexit_arm.o) (__cxa_atexit)
c:/vsarm/armcc/bin/../lib/gcc/arm-none-eabi/9.3.1/../../../../arm-none-eabi/lib/thumb/v7e-m+fp/hard\libc_nano.a(lib_a-exit.o)
                              c:/vsarm/armcc/bin/../lib/gcc/arm-none-eabi/9.3.1/../../../../arm-none-eabi/lib/thumb/v7e-m+fp/hard/crt0.o (exit)
c:/vsarm/armcc/bin/../lib/gcc/arm-none-eabi/9.3.1/../../../../arm-none-eabi/lib/thumb/v7e-m+fp/hard\libc_nano.a(lib_a-impure.o)
                              c:/vsarm/armcc/bin/../lib/gcc/arm-none-eabi/9.3.1/../../../../arm-none-eabi/lib/thumb/v7e-m+fp/hard\libc_nano.a(lib_a-exit.o) (_global_impure_ptr)
c:/vsarm/armcc/bin/../lib/gcc/arm-none-eabi/9.3.1/../../../../arm-none-eabi/lib/thumb/v7e-m+fp/hard\libc_nano.a(lib_a-init.o)
                              c:/vsarm/armcc/bin/../lib/gcc/arm-none-eabi/9.3.1/../../../../arm-none-eabi/lib/thumb/v7e-m+fp/hard/crt0.o (__libc_init_array)
c:/vsarm/armcc/bin/../lib/gcc/arm-none-eabi/9.3.1/../../../../arm-none-eabi/lib/thumb/v7e-m+fp/hard\libc_nano.a(lib_a-memset.o)
                              c:/vsarm/armcc/bin/../lib/gcc/arm-none-eabi/9.3.1/../../../../arm-none-eabi/lib/thumb/v7e-m+fp/hard/crt0.o (memset)
c:/vsarm/armcc/bin/../lib/gcc/arm-none-eabi/9.3.1/../../../../arm-none-eabi/lib/thumb/v7e-m+fp/hard\libc_nano.a(lib_a-nano-vfprintf_float.o)
                              (_printf_float)
c:/vsarm/armcc/bin/../lib/gcc/arm-none-eabi/9.3.1/../../../../arm-none-eabi/lib/thumb/v7e-m+fp/hard\libc_nano.a(lib_a-nano-vfprintf_i.o)
                              c:/vsarm/armcc/bin/../lib/gcc/arm-none-eabi/9.3.1/../../../../arm-none-eabi/lib/thumb/v7e-m+fp/hard\libc_nano.a(lib_a-nano-vfprintf_float.o) (_printf_common)
c:/vsarm/armcc/bin/../lib/gcc/arm-none-eabi/9.3.1/../../../../arm-none-eabi/lib/thumb/v7e-m+fp/hard\libc_nano.a(lib_a-on_exit_args.o)
                              c:/vsarm/armcc/bin/../lib/gcc/arm-none-eabi/9.3.1/../../../../arm-none-eabi/lib/thumb/v7e-m+fp/hard\libc_nano.a(lib_a-cxa_atexit.o) (__on_exit_args)
c:/vsarm/armcc/bin/../lib/gcc/arm-none-eabi/9.3.1/../../../../arm-none-eabi/lib/thumb/v7e-m+fp/hard\libc_nano.a(lib_a-strlen.o)
                              c:/vsarm/armcc/bin/../lib/gcc/arm-none-eabi/9.3.1/../../../../arm-none-eabi/lib/thumb/v7e-m+fp/hard\libc_nano.a(lib_a-nano-vfprintf_float.o) (strlen)
c:/vsarm/armcc/bin/../lib/gcc/arm-none-eabi/9.3.1/../../../../arm-none-eabi/lib/thumb/v7e-m+fp/hard\libc_nano.a(lib_a-dtoa.o)
                              c:/vsarm/armcc/bin/../lib/gcc/arm-none-eabi/9.3.1/../../../../arm-none-eabi/lib/thumb/v7e-m+fp/hard\libc_nano.a(lib_a-nano-vfprintf_float.o) (_dtoa_r)
c:/vsarm/armcc/bin/../lib/gcc/arm-none-eabi/9.3.1/../../../../arm-none-eabi/lib/thumb/v7e-m+fp/hard\libc_nano.a(lib_a-localeconv.o)
                              c:/vsarm/armcc/bin/../lib/gcc/arm-none-eabi/9.3.1/../../../../arm-none-eabi/lib/thumb/v7e-m+fp/hard\libc_nano.a(lib_a-nano-vfprintf_float.o) (_localeconv_r)
c:/vsarm/armcc/bin/../lib/gcc/arm-none-eabi/9.3.1/../../../../arm-none-eabi/lib/thumb/v7e-m+fp/hard\libc_nano.a(lib_a-malloc.o)
                              c:/vsarm/armcc/bin/../lib/gcc/arm-none-eabi/9.3.1/../../../../arm-none-eabi/lib/thumb/v7e-m+fp/hard\libc_nano.a(lib_a-dtoa.o) (malloc)
c:/vsarm/armcc/bin/../lib/gcc/arm-none-eabi/9.3.1/../../../../arm-none-eabi/lib/thumb/v7e-m+fp/hard\libc_nano.a(lib_a-memchr.o)
                              c:/vsarm/armcc/bin/../lib/gcc/arm-none-eabi/9.3.1/../../../../arm-none-eabi/lib/thumb/v7e-m+fp/hard\libc_nano.a(lib_a-nano-vfprintf_i.o) (memchr)
c:/vsarm/armcc/bin/../lib/gcc/arm-none-eabi/9.3.1/../../../../arm-none-eabi/lib/thumb/v7e-m+fp/hard\libc_nano.a(lib_a-memcpy-stub.o)
                              c:/vsarm/armcc/bin/../lib/gcc/arm-none-eabi/9.3.1/../../../../arm-none-eabi/lib/thumb/v7e-m+fp/hard\libc_nano.a(lib_a-dtoa.o) (memcpy)
c:/vsarm/armcc/bin/../lib/gcc/arm-none-eabi/9.3.1/../../../../arm-none-eabi/lib/thumb/v7e-m+fp/hard\libc_nano.a(lib_a-mprec.o)
                              c:/vsarm/armcc/bin/../lib/gcc/arm-none-eabi/9.3.1/../../../../arm-none-eabi/lib/thumb/v7e-m+fp/hard\libc_nano.a(lib_a-dtoa.o) (_Balloc)
c:/vsarm/armcc/bin/../lib/gcc/arm-none-eabi/9.3.1/../../../../arm-none-eabi/lib/thumb/v7e-m+fp/hard\libc_nano.a(lib_a-nano-callocr.o)
                              c:/vsarm/armcc/bin/../lib/gcc/arm-none-eabi/9.3.1/../../../../arm-none-eabi/lib/thumb/v7e-m+fp/hard\libc_nano.a(lib_a-mprec.o) (_calloc_r)
[...]
Memory Configuration

Name             Origin             Length             Attributes
RAM              0x20000000         0x00020000         xrw
CCMRAM           0x10000000         0x00010000         rw
FLASH            0x08000000         0x00100000         xr
*default*        0x00000000         0xffffffff

Linker script and memory map

LOAD c:/vsarm/armcc/bin/../lib/gcc/arm-none-eabi/9.3.1/thumb/v7e-m+fp/hard/crti.o
LOAD c:/vsarm/armcc/bin/../lib/gcc/arm-none-eabi/9.3.1/thumb/v7e-m+fp/hard/crtbegin.o
LOAD c:/vsarm/armcc/bin/../lib/gcc/arm-none-eabi/9.3.1/../../../../arm-none-eabi/lib/thumb/v7e-m+fp/hard/crt0.o
LOAD Build/printf_config.o
LOAD Build/gpio.o
LOAD Build/tim.o
LOAD Build/usart.o
LOAD Build/stm32f4xx_it.o
LOAD Build/stm32f4xx_hal_msp.o
LOAD Build/stm32f4xx_hal_tim.o
LOAD Build/stm32f4xx_hal_tim_ex.o
LOAD Build/stm32f4xx_hal_uart.o
LOAD Build/stm32f4xx_hal_rcc.o
LOAD Build/stm32f4xx_hal_rcc_ex.o
LOAD Build/stm32f4xx_hal_flash.o
LOAD Build/stm32f4xx_hal_flash_ex.o
LOAD Build/stm32f4xx_hal_flash_ramfunc.o
LOAD Build/stm32f4xx_hal_gpio.o
LOAD Build/stm32f4xx_hal_dma_ex.o
LOAD Build/stm32f4xx_hal_dma.o
LOAD Build/stm32f4xx_hal_pwr.o
LOAD Build/stm32f4xx_hal_pwr_ex.o
LOAD Build/stm32f4xx_hal_cortex.o
LOAD Build/stm32f4xx_hal.o
LOAD Build/stm32f4xx_hal_exti.o
LOAD Build/system_stm32f4xx.o
LOAD Build/dma.o
LOAD Build/startup_stm32f407xx.o
LOAD Build/actuator.o
LOAD Build/motor.o
LOAD Build/robo_init.o
LOAD Build/encoder.o
LOAD Build/main.o
LOAD Build/joystick.o
LOAD Build/pid.o
LOAD c:/vsarm/armcc/bin/../lib/gcc/arm-none-eabi/9.3.1/../../../../arm-none-eabi/lib/thumb/v7e-m+fp/hard\libnosys.a
LOAD c:/vsarm/armcc/bin/../lib/gcc/arm-none-eabi/9.3.1/../../../../arm-none-eabi/lib/thumb/v7e-m+fp/hard\libstdc++_nano.a
LOAD c:/vsarm/armcc/bin/../lib/gcc/arm-none-eabi/9.3.1/../../../../arm-none-eabi/lib/thumb/v7e-m+fp/hard\libm.a
LOAD c:/vsarm/armcc/bin/../lib/gcc/arm-none-eabi/9.3.1/../../../../arm-none-eabi/lib/thumb/v7e-m+fp/hard\libc_nano.a
START GROUP
LOAD c:/vsarm/armcc/bin/../lib/gcc/arm-none-eabi/9.3.1/thumb/v7e-m+fp/hard\libgcc.a
LOAD c:/vsarm/armcc/bin/../lib/gcc/arm-none-eabi/9.3.1/../../../../arm-none-eabi/lib/thumb/v7e-m+fp/hard\libc_nano.a
END GROUP
START GROUP
LOAD c:/vsarm/armcc/bin/../lib/gcc/arm-none-eabi/9.3.1/thumb/v7e-m+fp/hard\libgcc.a
LOAD c:/vsarm/armcc/bin/../lib/gcc/arm-none-eabi/9.3.1/../../../../arm-none-eabi/lib/thumb/v7e-m+fp/hard\libc_nano.a
LOAD c:/vsarm/armcc/bin/../lib/gcc/arm-none-eabi/9.3.1/../../../../arm-none-eabi/lib/thumb/v7e-m+fp/hard\libnosys.a
END GROUP
START GROUP
LOAD c:/vsarm/armcc/bin/../lib/gcc/arm-none-eabi/9.3.1/thumb/v7e-m+fp/hard\libgcc.a
LOAD c:/vsarm/armcc/bin/../lib/gcc/arm-none-eabi/9.3.1/../../../../arm-none-eabi/lib/thumb/v7e-m+fp/hard\libc_nano.a
LOAD c:/vsarm/armcc/bin/../lib/gcc/arm-none-eabi/9.3.1/../../../../arm-none-eabi/lib/thumb/v7e-m+fp/hard\libnosys.a
END GROUP
LOAD c:/vsarm/armcc/bin/../lib/gcc/arm-none-eabi/9.3.1/thumb/v7e-m+fp/hard/crtend.o
LOAD c:/vsarm/armcc/bin/../lib/gcc/arm-none-eabi/9.3.1/thumb/v7e-m+fp/hard/crtn.o
                0x20020000                _estack = 0x20020000
                0x00000200                _Min_Heap_Size = 0x200
                0x00000400                _Min_Stack_Size = 0x400

.isr_vector     0x08000000      0x188
                0x08000000                . = ALIGN (0x4)
 *(.isr_vector)
 .isr_vector    0x08000000      0x188 Build/startup_stm32f407xx.o
                0x08000000                g_pfnVectors
                0x08000188                . = ALIGN (0x4)

.text           0x08000190     0x6bd4
                0x08000190                . = ALIGN (0x4)
 *(.text)
 .text          0x08000190       0x40 c:/vsarm/armcc/bin/../lib/gcc/arm-none-eabi/9.3.1/thumb/v7e-m+fp/hard/crtbegin.o
 .text          0x080001d0       0x10 c:/vsarm/armcc/bin/../lib/gcc/arm-none-eabi/9.3.1/../../../../arm-none-eabi/lib/thumb/v7e-m+fp/hard\libc_nano.a(lib_a-strlen.o)
                0x080001d0                strlen
 .text          0x080001e0       0xa0 c:/vsarm/armcc/bin/../lib/gcc/arm-none-eabi/9.3.1/../../../../arm-none-eabi/lib/thumb/v7e-m+fp/hard\libc_nano.a(lib_a-memchr.o)
                0x080001e0                memchr
 .text          0x08000280      0x378 c:/vsarm/armcc/bin/../lib/gcc/arm-none-eabi/9.3.1/thumb/v7e-m+fp/hard\libgcc.a(_arm_addsubdf3.o)
                0x08000280                __aeabi_drsub
                0x08000288                __aeabi_dsub
                0x08000288                __subdf3
                0x0800028c                __aeabi_dadd
                0x0800028c                __adddf3
                0x08000504                __floatunsidf
                0x08000504                __aeabi_ui2d
                0x08000524                __floatsidf
                0x08000524                __aeabi_i2d
                0x08000548                __aeabi_f2d
                0x08000548                __extendsfdf2
                0x0800058c                __floatundidf
                0x0800058c                __aeabi_ul2d
                0x0800059c                __floatdidf
                0x0800059c                __aeabi_l2d
 .text          0x080005f8      0x424 c:/vsarm/armcc/bin/../lib/gcc/arm-none-eabi/9.3.1/thumb/v7e-m+fp/hard\libgcc.a(_arm_muldivdf3.o)
                0x080005f8                __aeabi_dmul
                0x080005f8                __muldf3
                0x0800084c                __divdf3
                0x0800084c                __aeabi_ddiv
 .text          0x08000a1c      0x110 c:/vsarm/armcc/bin/../lib/gcc/arm-none-eabi/9.3.1/thumb/v7e-m+fp/hard\libgcc.a(_arm_cmpdf2.o)
                0x08000a1c                __gtdf2
                0x08000a1c                __gedf2
                0x08000a24                __ltdf2
                0x08000a24                __ledf2
                0x08000a2c                __nedf2
                0x08000a2c                __eqdf2
                0x08000a2c                __cmpdf2
                0x08000aa8                __aeabi_cdrcmple
                0x08000ab8                __aeabi_cdcmpeq
                0x08000ab8                __aeabi_cdcmple
                0x08000ac8                __aeabi_dcmpeq
                0x08000adc                __aeabi_dcmplt
                0x08000af0                __aeabi_dcmple
                0x08000b04                __aeabi_dcmpge
                0x08000b18                __aeabi_dcmpgt
 .text          0x08000b2c       0x2c c:/vsarm/armcc/bin/../lib/gcc/arm-none-eabi/9.3.1/thumb/v7e-m+fp/hard\libgcc.a(_arm_unorddf2.o)
                0x08000b2c                __unorddf2
                0x08000b2c                __aeabi_dcmpun
 .text          0x08000b58       0x50 c:/vsarm/armcc/bin/../lib/gcc/arm-none-eabi/9.3.1/thumb/v7e-m+fp/hard\libgcc.a(_arm_fixdfsi.o)
                0x08000b58                __aeabi_d2iz
                0x08000b58                __fixdfsi
 .text          0x08000ba8       0x40 c:/vsarm/armcc/bin/../lib/gcc/arm-none-eabi/9.3.1/thumb/v7e-m+fp/hard\libgcc.a(_arm_fixunsdfsi.o)
                0x08000ba8                __aeabi_d2uiz
                0x08000ba8                __fixunsdfsi
 .text          0x08000be8       0xa0 c:/vsarm/armcc/bin/../lib/gcc/arm-none-eabi/9.3.1/thumb/v7e-m+fp/hard\libgcc.a(_arm_truncdfsf2.o)
                0x08000be8                __truncdfsf2
                0x08000be8                __aeabi_d2f
 .text          0x08000c88       0x30 c:/vsarm/armcc/bin/../lib/gcc/arm-none-eabi/9.3.1/thumb/v7e-m+fp/hard\libgcc.a(_aeabi_uldivmod.o)
                0x08000c88                __aeabi_uldivmod
 .text          0x08000cb8      0x2c4 c:/vsarm/armcc/bin/../lib/gcc/arm-none-eabi/9.3.1/thumb/v7e-m+fp/hard\libgcc.a(_udivmoddi4.o)
                0x08000cb8                __udivmoddi4
 .text          0x08000f7c        0x4 c:/vsarm/armcc/bin/../lib/gcc/arm-none-eabi/9.3.1/thumb/v7e-m+fp/hard\libgcc.a(_dvmd_tls.o)
                0x08000f7c                __aeabi_idiv0
                0x08000f7c                __aeabi_ldiv0
 *(.text*)
 .text.ITM_SendString
                0x08000f80       0x4c Build/printf_config.o
                0x08000f80                ITM_SendString
 .text._write   0x08000fcc        0xc Build/printf_config.o
                0x08000fcc                _write
 .text.MX_GPIO_Init
                0x08000fd8      0x164 Build/gpio.o
                0x08000fd8                MX_GPIO_Init
 .text.MX_TIM1_Init
                0x0800113c       0x68 Build/tim.o
                0x0800113c                MX_TIM1_Init
 .text.MX_TIM2_Init
                0x080011a4       0x64 Build/tim.o
                0x080011a4                MX_TIM2_Init
 .text.MX_TIM3_Init
                0x08001208       0x68 Build/tim.o
                0x08001208                MX_TIM3_Init
 .text.MX_TIM4_Init
                0x08001270       0x68 Build/tim.o
                0x08001270                MX_TIM4_Init
 .text.HAL_TIM_Encoder_MspInit
                0x080012d8      0x230 Build/tim.o
                0x080012d8                HAL_TIM_Encoder_MspInit
 .text.HAL_TIM_PWM_MspInit
                0x08001508       0x40 Build/tim.o
                0x08001508                HAL_TIM_PWM_MspInit
 .text.HAL_TIM_MspPostInit
                0x08001548       0x60 Build/tim.o
                0x08001548                HAL_TIM_MspPostInit
 .text.MX_TIM8_Init
                0x080015a8       0xf0 Build/tim.o
                0x080015a8                MX_TIM8_Init
 .text.MX_UART4_Init
                0x08001698       0x34 Build/usart.o
                0x08001698                MX_UART4_Init
 .text.MX_USART2_UART_Init
                0x080016cc       0x34 Build/usart.o
                0x080016cc                MX_USART2_UART_Init
 .text.HAL_UART_MspInit
                0x08001700      0x168 Build/usart.o
                0x08001700                HAL_UART_MspInit
 .text.NMI_Handler
                0x08001868        0x2 Build/stm32f4xx_it.o
                0x08001868                NMI_Handler
 .text.HardFault_Handler
                0x0800186a        0x2 Build/stm32f4xx_it.o
                0x0800186a                HardFault_Handler
 .text.MemManage_Handler
                0x0800186c        0x2 Build/stm32f4xx_it.o
                0x0800186c                MemManage_Handler
 .text.BusFault_Handler
                0x0800186e        0x2 Build/stm32f4xx_it.o
                0x0800186e                BusFault_Handler
 .text.UsageFault_Handler
                0x08001870        0x2 Build/stm32f4xx_it.o
                0x08001870                UsageFault_Handler
 .text.SVC_Handler
                0x08001872        0x2 Build/stm32f4xx_it.o
                0x08001872                SVC_Handler
 .text.DebugMon_Handler
                0x08001874        0x2 Build/stm32f4xx_it.o
                0x08001874                DebugMon_Handler
 .text.PendSV_Handler
                0x08001876        0x2 Build/stm32f4xx_it.o
                0x08001876                PendSV_Handler
 .text.SysTick_Handler
                0x08001878        0x8 Build/stm32f4xx_it.o
                0x08001878                SysTick_Handler
 .text.DMA1_Stream4_IRQHandler
                0x08001880       0x10 Build/stm32f4xx_it.o
                0x08001880                DMA1_Stream4_IRQHandler
 .text.DMA1_Stream5_IRQHandler
                0x08001890       0x10 Build/stm32f4xx_it.o
                0x08001890                DMA1_Stream5_IRQHandler
 .text.TIM1_BRK_TIM9_IRQHandler
                0x080018a0       0x10 Build/stm32f4xx_it.o
                0x080018a0                TIM1_BRK_TIM9_IRQHandler
 .text.TIM1_UP_TIM10_IRQHandler
                0x080018b0       0x10 Build/stm32f4xx_it.o
                0x080018b0                TIM1_UP_TIM10_IRQHandler
 .text.TIM1_TRG_COM_TIM11_IRQHandler
                0x080018c0       0x10 Build/stm32f4xx_it.o
                0x080018c0                TIM1_TRG_COM_TIM11_IRQHandler
 .text.TIM1_CC_IRQHandler
                0x080018d0       0x10 Build/stm32f4xx_it.o
                0x080018d0                TIM1_CC_IRQHandler
 .text.TIM2_IRQHandler
                0x080018e0       0x10 Build/stm32f4xx_it.o
                0x080018e0                TIM2_IRQHandler
 .text.TIM3_IRQHandler
                0x080018f0       0x10 Build/stm32f4xx_it.o
                0x080018f0                TIM3_IRQHandler
 .text.TIM4_IRQHandler
                0x08001900       0x10 Build/stm32f4xx_it.o
                0x08001900                TIM4_IRQHandler
 .text.USART2_IRQHandler
                0x08001910       0x10 Build/stm32f4xx_it.o
                0x08001910                USART2_IRQHandler
 .text.TIM8_UP_TIM13_IRQHandler
                0x08001920       0x10 Build/stm32f4xx_it.o
                0x08001920                TIM8_UP_TIM13_IRQHandler
 .text.UART4_IRQHandler
                0x08001930       0x10 Build/stm32f4xx_it.o
                0x08001930                UART4_IRQHandler
 .text.HAL_MspInit
                0x08001940       0x40 Build/stm32f4xx_hal_msp.o
                0x08001940                HAL_MspInit
 .text.TIM_OC1_SetConfig
                0x08001980       0x68 Build/stm32f4xx_hal_tim.o
 .text.TIM_OC3_SetConfig
                0x080019e8       0x70 Build/stm32f4xx_hal_tim.o
 .text.TIM_OC4_SetConfig
                0x08001a58       0x50 Build/stm32f4xx_hal_tim.o
 .text.HAL_TIM_Base_Start
                0x08001aa8       0x24 Build/stm32f4xx_hal_tim.o
                0x08001aa8                HAL_TIM_Base_Start
 .text.HAL_TIM_PeriodElapsedCallback
                0x08001acc        0x2 Build/stm32f4xx_hal_tim.o
                0x08001acc                HAL_TIM_PeriodElapsedCallback
 .text.HAL_TIM_OC_DelayElapsedCallback
                0x08001ace        0x2 Build/stm32f4xx_hal_tim.o
                0x08001ace                HAL_TIM_OC_DelayElapsedCallback
 .text.HAL_TIM_IC_CaptureCallback
                0x08001ad0        0x2 Build/stm32f4xx_hal_tim.o
                0x08001ad0                HAL_TIM_IC_CaptureCallback
 .text.HAL_TIM_PWM_PulseFinishedCallback
                0x08001ad2        0x2 Build/stm32f4xx_hal_tim.o
                0x08001ad2                HAL_TIM_PWM_PulseFinishedCallback
 .text.HAL_TIM_TriggerCallback
                0x08001ad4        0x2 Build/stm32f4xx_hal_tim.o
                0x08001ad4                HAL_TIM_TriggerCallback
 .text.HAL_TIM_IRQHandler
                0x08001ad6      0x17a Build/stm32f4xx_hal_tim.o
                0x08001ad6                HAL_TIM_IRQHandler
 .text.TIM_Base_SetConfig
                0x08001c50       0xc8 Build/stm32f4xx_hal_tim.o
                0x08001c50                TIM_Base_SetConfig
 .text.HAL_TIM_PWM_Init
                0x08001d18       0x34 Build/stm32f4xx_hal_tim.o
                0x08001d18                HAL_TIM_PWM_Init
 .text.HAL_TIM_Encoder_Init
                0x08001d4c       0x9c Build/stm32f4xx_hal_tim.o
                0x08001d4c                HAL_TIM_Encoder_Init
 .text.TIM_OC2_SetConfig
                0x08001de8       0x70 Build/stm32f4xx_hal_tim.o
                0x08001de8                TIM_OC2_SetConfig
 .text.HAL_TIM_PWM_ConfigChannel
                0x08001e58       0xdc Build/stm32f4xx_hal_tim.o
                0x08001e58                HAL_TIM_PWM_ConfigChannel
 .text.TIM_CCxChannelCmd
                0x08001f34       0x24 Build/stm32f4xx_hal_tim.o
                0x08001f34                TIM_CCxChannelCmd
 .text.HAL_TIM_PWM_Start
                0x08001f58       0x40 Build/stm32f4xx_hal_tim.o
                0x08001f58                HAL_TIM_PWM_Start
 .text.HAL_TIM_Encoder_Start
                0x08001f98       0x44 Build/stm32f4xx_hal_tim.o
                0x08001f98                HAL_TIM_Encoder_Start
 .text.HAL_TIMEx_MasterConfigSynchronization
                0x08001fdc       0x46 Build/stm32f4xx_hal_tim_ex.o
                0x08001fdc                HAL_TIMEx_MasterConfigSynchronization
 .text.HAL_TIMEx_ConfigBreakDeadTime
                0x08002022       0x52 Build/stm32f4xx_hal_tim_ex.o
                0x08002022                HAL_TIMEx_ConfigBreakDeadTime
 .text.HAL_TIMEx_CommutCallback
                0x08002074        0x2 Build/stm32f4xx_hal_tim_ex.o
                0x08002074                HAL_TIMEx_CommutCallback
 .text.HAL_TIMEx_BreakCallback
                0x08002076        0x2 Build/stm32f4xx_hal_tim_ex.o
                0x08002076                HAL_TIMEx_BreakCallback
 .text.UART_EndTxTransfer
                0x08002078       0x12 Build/stm32f4xx_hal_uart.o
 .text.UART_EndRxTransfer
                0x0800208a       0x1c Build/stm32f4xx_hal_uart.o
 .text.UART_Transmit_IT
                0x080020a6       0x66 Build/stm32f4xx_hal_uart.o
 .text.UART_SetConfig
                0x0800210c      0x334 Build/stm32f4xx_hal_uart.o
 .text.HAL_UART_Init
                0x08002440       0x5e Build/stm32f4xx_hal_uart.o
                0x08002440                HAL_UART_Init
 *fill*         0x0800249e        0x2 
 .text.HAL_UART_Receive_DMA
                0x080024a0       0xa8 Build/stm32f4xx_hal_uart.o
                0x080024a0                HAL_UART_Receive_DMA
 .text.HAL_UART_TxCpltCallback
                0x08002548        0x2 Build/stm32f4xx_hal_uart.o
                0x08002548                HAL_UART_TxCpltCallback
 .text.UART_EndTransmit_IT
                0x0800254a       0x1a Build/stm32f4xx_hal_uart.o
 .text.UART_DMAReceiveCplt
                0x08002564       0x3e Build/stm32f4xx_hal_uart.o
 .text.UART_Receive_IT
                0x080025a2       0x9e Build/stm32f4xx_hal_uart.o
 .text.HAL_UART_RxHalfCpltCallback
                0x08002640        0x2 Build/stm32f4xx_hal_uart.o
                0x08002640                HAL_UART_RxHalfCpltCallback
 .text.UART_DMARxHalfCplt
                0x08002642        0xa Build/stm32f4xx_hal_uart.o
 .text.HAL_UART_ErrorCallback
                0x0800264c        0x2 Build/stm32f4xx_hal_uart.o
                0x0800264c                HAL_UART_ErrorCallback
 .text.UART_DMAError
                0x0800264e       0x58 Build/stm32f4xx_hal_uart.o
 *fill*         0x080026a6        0x2 
 .text.HAL_UART_IRQHandler
                0x080026a8      0x120 Build/stm32f4xx_hal_uart.o
                0x080026a8                HAL_UART_IRQHandler
 .text.UART_DMAAbortOnError
                0x080027c8       0x10 Build/stm32f4xx_hal_uart.o
 .text.HAL_RCC_OscConfig
                0x080027d8      0x398 Build/stm32f4xx_hal_rcc.o
                0x080027d8                HAL_RCC_OscConfig
 .text.HAL_RCC_GetSysClockFreq
                0x08002b70       0xcc Build/stm32f4xx_hal_rcc.o
                0x08002b70                HAL_RCC_GetSysClockFreq
 .text.HAL_RCC_ClockConfig
                0x08002c3c      0x15c Build/stm32f4xx_hal_rcc.o
                0x08002c3c                HAL_RCC_ClockConfig
 .text.HAL_RCC_GetHCLKFreq
                0x08002d98        0xc Build/stm32f4xx_hal_rcc.o
                0x08002d98                HAL_RCC_GetHCLKFreq
 .text.HAL_RCC_GetPCLK1Freq
                0x08002da4       0x20 Build/stm32f4xx_hal_rcc.o
                0x08002da4                HAL_RCC_GetPCLK1Freq
 .text.HAL_RCC_GetPCLK2Freq
                0x08002dc4       0x20 Build/stm32f4xx_hal_rcc.o
                0x08002dc4                HAL_RCC_GetPCLK2Freq
 .text.HAL_GPIO_Init
                0x08002de4      0x1cc Build/stm32f4xx_hal_gpio.o
                0x08002de4                HAL_GPIO_Init
 .text.HAL_GPIO_WritePin
                0x08002fb0        0xc Build/stm32f4xx_hal_gpio.o
                0x08002fb0                HAL_GPIO_WritePin
 .text.DMA_SetConfig
                0x08002fbc       0x2c Build/stm32f4xx_hal_dma.o
 .text.DMA_CalcBaseAndBitshift
                0x08002fe8       0x44 Build/stm32f4xx_hal_dma.o
 .text.DMA_CheckFifoParam
                0x0800302c       0x8e Build/stm32f4xx_hal_dma.o
 *fill*         0x080030ba        0x2 
 .text.HAL_DMA_Init
                0x080030bc       0xcc Build/stm32f4xx_hal_dma.o
                0x080030bc                HAL_DMA_Init
 .text.HAL_DMA_Start_IT
                0x08003188       0x74 Build/stm32f4xx_hal_dma.o
                0x08003188                HAL_DMA_Start_IT
 .text.HAL_DMA_Abort_IT
                0x080031fc       0x26 Build/stm32f4xx_hal_dma.o
                0x080031fc                HAL_DMA_Abort_IT
 *fill*         0x08003222        0x2 
 .text.HAL_DMA_IRQHandler
                0x08003224      0x1dc Build/stm32f4xx_hal_dma.o
                0x08003224                HAL_DMA_IRQHandler
 .text.HAL_NVIC_SetPriorityGrouping
                0x08003400       0x24 Build/stm32f4xx_hal_cortex.o
                0x08003400                HAL_NVIC_SetPriorityGrouping
 .text.HAL_NVIC_SetPriority
                0x08003424       0x68 Build/stm32f4xx_hal_cortex.o
                0x08003424                HAL_NVIC_SetPriority
 .text.HAL_NVIC_EnableIRQ
                0x0800348c       0x1c Build/stm32f4xx_hal_cortex.o
                0x0800348c                HAL_NVIC_EnableIRQ
 .text.HAL_SYSTICK_Config
                0x080034a8       0x2c Build/stm32f4xx_hal_cortex.o
                0x080034a8                HAL_SYSTICK_Config
 .text.HAL_InitTick
                0x080034d4       0x4c Build/stm32f4xx_hal.o
                0x080034d4                HAL_InitTick
 .text.HAL_Init
                0x08003520       0x34 Build/stm32f4xx_hal.o
                0x08003520                HAL_Init
 .text.HAL_IncTick
                0x08003554       0x18 Build/stm32f4xx_hal.o
                0x08003554                HAL_IncTick
 .text.HAL_GetTick
                0x0800356c        0xc Build/stm32f4xx_hal.o
                0x0800356c                HAL_GetTick
 .text.SystemInit
                0x08003578       0x4c Build/system_stm32f4xx.o
                0x08003578                SystemInit
 .text.MX_DMA_Init
                0x080035c4       0x44 Build/dma.o
                0x080035c4                MX_DMA_Init
 .text.Reset_Handler
                0x08003608       0x50 Build/startup_stm32f407xx.o
                0x08003608                Reset_Handler
 .text.Default_Handler
                0x08003658        0x2 Build/startup_stm32f407xx.o
                0x08003658                RTC_Alarm_IRQHandler
                0x08003658                HASH_RNG_IRQHandler
                0x08003658                EXTI2_IRQHandler
                0x08003658                TIM8_CC_IRQHandler
                0x08003658                DMA2_Stream5_IRQHandler
                0x08003658                PVD_IRQHandler
                0x08003658                SDIO_IRQHandler
                0x08003658                TAMP_STAMP_IRQHandler
                0x08003658                CAN2_RX1_IRQHandler
                0x08003658                EXTI3_IRQHandler
                0x08003658                TIM8_TRG_COM_TIM14_IRQHandler
                0x08003658                I2C3_ER_IRQHandler
                0x08003658                EXTI0_IRQHandler
                0x08003658                I2C2_EV_IRQHandler
                0x08003658                DMA1_Stream2_IRQHandler
                0x08003658                CAN1_RX0_IRQHandler
                0x08003658                FPU_IRQHandler
                0x08003658                OTG_HS_WKUP_IRQHandler
                0x08003658                CAN2_SCE_IRQHandler
                0x08003658                DMA2_Stream2_IRQHandler
                0x08003658                SPI1_IRQHandler
                0x08003658                TIM6_DAC_IRQHandler
                0x08003658                DCMI_IRQHandler
                0x08003658                CAN2_RX0_IRQHandler
                0x08003658                DMA2_Stream3_IRQHandler
                0x08003658                USART6_IRQHandler
                0x08003658                USART3_IRQHandler
                0x08003658                CAN1_RX1_IRQHandler
                0x08003658                UART5_IRQHandler
                0x08003658                DMA2_Stream0_IRQHandler
                0x08003658                I2C1_EV_IRQHandler
                0x08003658                DMA1_Stream6_IRQHandler
                0x08003658                DMA1_Stream1_IRQHandler
                0x08003658                RCC_IRQHandler
                0x08003658                TIM8_BRK_TIM12_IRQHandler
                0x08003658                Default_Handler
                0x08003658                EXTI15_10_IRQHandler
                0x08003658                ADC_IRQHandler
                0x08003658                DMA1_Stream7_IRQHandler
                0x08003658                TIM7_IRQHandler
                0x08003658                CAN2_TX_IRQHandler
                0x08003658                TIM5_IRQHandler
                0x08003658                DMA2_Stream7_IRQHandler
                0x08003658                I2C3_EV_IRQHandler
                0x08003658                EXTI9_5_IRQHandler
                0x08003658                RTC_WKUP_IRQHandler
                0x08003658                ETH_WKUP_IRQHandler
                0x08003658                SPI2_IRQHandler
                0x08003658                OTG_HS_EP1_IN_IRQHandler
                0x08003658                DMA1_Stream0_IRQHandler
                0x08003658                CAN1_TX_IRQHandler
                0x08003658                EXTI4_IRQHandler
                0x08003658                FSMC_IRQHandler
                0x08003658                ETH_IRQHandler
                0x08003658                OTG_HS_EP1_OUT_IRQHandler
                0x08003658                WWDG_IRQHandler
                0x08003658                OTG_FS_WKUP_IRQHandler
                0x08003658                OTG_HS_IRQHandler
                0x08003658                EXTI1_IRQHandler
                0x08003658                I2C2_ER_IRQHandler
                0x08003658                DMA2_Stream1_IRQHandler
                0x08003658                CAN1_SCE_IRQHandler
                0x08003658                FLASH_IRQHandler
                0x08003658                DMA2_Stream4_IRQHandler
                0x08003658                USART1_IRQHandler
                0x08003658                OTG_FS_IRQHandler
                0x08003658                SPI3_IRQHandler
                0x08003658                I2C1_ER_IRQHandler
                0x08003658                DMA2_Stream6_IRQHandler
                0x08003658                DMA1_Stream3_IRQHandler
 *fill*         0x0800365a        0x2 
 .text._Z41__static_initialization_and_destruction_0ii
                0x0800365c       0x20 Build/actuator.o
 .text._Z4playv
                0x0800367c       0x34 Build/actuator.o
                0x0800367c                play()
 .text._Z24calculate_wheel_velocityv
                0x080036b0       0xb8 Build/actuator.o
                0x080036b0                calculate_wheel_velocity()
 .text._Z7forwardv
                0x08003768       0x28 Build/actuator.o
                0x08003768                forward()
 .text._Z4backv
                0x08003790       0x20 Build/actuator.o
                0x08003790                back()
 .text._Z4leftv
                0x080037b0       0x28 Build/actuator.o
                0x080037b0                left()
 .text._Z5rightv
                0x080037d8       0x20 Build/actuator.o
                0x080037d8                right()
 .text._Z13forward_rightv
                0x080037f8       0x30 Build/actuator.o
                0x080037f8                forward_right()
 .text._Z12forward_leftv
                0x08003828       0x2c Build/actuator.o
                0x08003828                forward_left()
 .text._Z10back_rightv
                0x08003854       0x2c Build/actuator.o
                0x08003854                back_right()
 .text._Z9back_leftv
                0x08003880       0x30 Build/actuator.o
                0x08003880                back_left()
 .text._Z9clockwisev
                0x080038b0       0x1c Build/actuator.o
                0x080038b0                clockwise()
 .text._Z13anticlockwisev
                0x080038cc       0x1c Build/actuator.o
                0x080038cc                anticlockwise()
 .text._Z4stopv
                0x080038e8       0x18 Build/actuator.o
                0x080038e8                stop()
 .text._Z9set_Omegaf
                0x08003900        0xc Build/actuator.o
                0x08003900                set_Omega(float)
 .text._GLOBAL__sub_I_time
                0x0800390c        0xe Build/actuator.o
 *fill*         0x0800391a        0x2 
 .text._ZL11time_periodt
                0x0800391c       0x14 Build/motor.o
 .text._ZL21set_DutyCycle_PrimaryP17TIM_HandleTypeDefmt
                0x08003930       0x50 Build/motor.o
 .text._ZL13set_DutyCycleP12Motor_configt
                0x08003980        0xe Build/motor.o
 *fill*         0x0800398e        0x2 
 .text._ZL14set_motorOmegaP12Motor_configf
                0x08003990       0x48 Build/motor.o
 .text._ZL18set_motorDirectionP12Motor_config9Direction
                0x080039d8       0x4c Build/motor.o
 .text._ZN5motor9set_omegaEf
                0x08003a24       0x84 Build/motor.o
                0x08003a24                motor::set_omega(float)
 .text._ZN5motor11motor_inputEff
                0x08003aa8       0x12 Build/motor.o
                0x08003aa8                motor::motor_input(float, float)
 *fill*         0x08003aba        0x2 
 .text.__tcf_0  0x08003abc       0x18 Build/robo_init.o
 .text._ZL10motor_initv
                0x08003ad4       0xf0 Build/robo_init.o
 .text._Z41__static_initialization_and_destruction_0ii
                0x08003bc4       0x54 Build/robo_init.o
 .text._ZL8pid_initv
                0x08003c18       0xfc Build/robo_init.o
 .text._Z9robo_initv
                0x08003d14       0x1c Build/robo_init.o
                0x08003d14                robo_init()
 .text._GLOBAL__sub_I_gMotor
                0x08003d30        0xe Build/robo_init.o
 *fill*         0x08003d3e        0x2 
 .text.__tcf_0  0x08003d40       0x18 Build/encoder.o
 .text._Z41__static_initialization_and_destruction_0ii
                0x08003d58       0x40 Build/encoder.o
 .text._Z12encoder_initv
                0x08003d98       0x48 Build/encoder.o
                0x08003d98                encoder_init()
 .text._ZN7encoder9calculateEv
                0x08003de0       0x58 Build/encoder.o
                0x08003de0                encoder::calculate()
 .text._Z8get_datai
                0x08003e38       0x24 Build/encoder.o
                0x08003e38                get_data(int)
 .text._GLOBAL__sub_I__Z12encoder_initv
                0x08003e5c        0xe Build/encoder.o
 *fill*         0x08003e6a        0x2 
 .text._Z18SystemClock_Configv
                0x08003e6c       0x98 Build/main.o
                0x08003e6c                SystemClock_Config()
 .text.main     0x08003f04       0x48 Build/main.o
                0x08003f04                main
 .text.Error_Handler
                0x08003f4c        0x2 Build/main.o
                0x08003f4c                Error_Handler
 .text._ZN8JoyStickD2Ev
                0x08003f4e        0x2 Build/joystick.o
                0x08003f4e                JoyStick::~JoyStick()
                0x08003f4e                JoyStick::~JoyStick()
 .text._ZN15JoyStick_HandleD2Ev
                0x08003f50        0x2 Build/joystick.o
                0x08003f50                JoyStick_Handle::~JoyStick_Handle()
                0x08003f50                JoyStick_Handle::~JoyStick_Handle()
 *fill*         0x08003f52        0x2 
 .text._Z41__static_initialization_and_destruction_0ii
                0x08003f54       0x4c Build/joystick.o
 .text._ZN8JoyStick4initEv
                0x08003fa0       0x1c Build/joystick.o
                0x08003fa0                JoyStick::init()
 .text._Z12fill_JoyDataP13JoyStick_DataPh
                0x08003fbc       0x22 Build/joystick.o
                0x08003fbc                fill_JoyData(JoyStick_Data*, unsigned char*)
 *fill*         0x08003fde        0x2 
 .text.HAL_UART_RxCpltCallback
                0x08003fe0       0x64 Build/joystick.o
                0x08003fe0                HAL_UART_RxCpltCallback
 .text._Z10Robot_taskv
                0x08004044      0x168 Build/joystick.o
                0x08004044                Robot_task()
 .text._GLOBAL__sub_I_blueLedState
                0x080041ac        0xe Build/joystick.o
 .text._ZN3PID5setKpEf
                0x080041ba        0x6 Build/pid.o
                0x080041ba                PID::setKp(float)
 .text._ZN3PID5setKiEf
                0x080041c0        0x6 Build/pid.o
                0x080041c0                PID::setKi(float)
 .text._ZN3PID5setKdEf
                0x080041c6        0x6 Build/pid.o
                0x080041c6                PID::setKd(float)
 .text._ZN3PID6setPIDEfff
                0x080041cc       0x2e Build/pid.o
                0x080041cc                PID::setPID(float, float, float)
 .text._ZN3PID9setlimitsEff
                0x080041fa        0xa Build/pid.o
                0x080041fa                PID::setlimits(float, float)
 .text._ZN3PID10computePIDEff
                0x08004204       0x94 Build/pid.o
                0x08004204                PID::computePID(float, float)
 .text.__aeabi_atexit
                0x08004298        0xa c:/vsarm/armcc/bin/../lib/gcc/arm-none-eabi/9.3.1/../../../../arm-none-eabi/lib/thumb/v7e-m+fp/hard\libstdc++_nano.a(atexit_arm.o)
                0x08004298                __aeabi_atexit
 *fill*         0x080042a2        0x2 
 .text.__cxa_atexit
                0x080042a4       0x1c c:/vsarm/armcc/bin/../lib/gcc/arm-none-eabi/9.3.1/../../../../arm-none-eabi/lib/thumb/v7e-m+fp/hard\libc_nano.a(lib_a-cxa_atexit.o)
                0x080042a4                __cxa_atexit
 .text.__libc_init_array
                0x080042c0       0x48 c:/vsarm/armcc/bin/../lib/gcc/arm-none-eabi/9.3.1/../../../../arm-none-eabi/lib/thumb/v7e-m+fp/hard\libc_nano.a(lib_a-init.o)
                0x080042c0                __libc_init_array
 .text.memset   0x08004308       0x10 c:/vsarm/armcc/bin/../lib/gcc/arm-none-eabi/9.3.1/../../../../arm-none-eabi/lib/thumb/v7e-m+fp/hard\libc_nano.a(lib_a-memset.o)
                0x08004308                memset
 .text.__cvt    0x08004318       0xc4 c:/vsarm/armcc/bin/../lib/gcc/arm-none-eabi/9.3.1/../../../../arm-none-eabi/lib/thumb/v7e-m+fp/hard\libc_nano.a(lib_a-nano-vfprintf_float.o)
                0x08004318                __cvt
 .text.__exponent
                0x080043dc       0x7c c:/vsarm/armcc/bin/../lib/gcc/arm-none-eabi/9.3.1/../../../../arm-none-eabi/lib/thumb/v7e-m+fp/hard\libc_nano.a(lib_a-nano-vfprintf_float.o)
                0x080043dc                __exponent
 .text._printf_float
                0x08004458      0x46c c:/vsarm/armcc/bin/../lib/gcc/arm-none-eabi/9.3.1/../../../../arm-none-eabi/lib/thumb/v7e-m+fp/hard\libc_nano.a(lib_a-nano-vfprintf_float.o)
                0x08004458                _printf_float
 .text._printf_common
                0x080048c4       0xda c:/vsarm/armcc/bin/../lib/gcc/arm-none-eabi/9.3.1/../../../../arm-none-eabi/lib/thumb/v7e-m+fp/hard\libc_nano.a(lib_a-nano-vfprintf_i.o)
                0x080048c4                _printf_common
 *fill*         0x0800499e        0x2 
 .text._printf_i
                0x080049a0      0x24c c:/vsarm/armcc/bin/../lib/gcc/arm-none-eabi/9.3.1/../../../../arm-none-eabi/lib/thumb/v7e-m+fp/hard\libc_nano.a(lib_a-nano-vfprintf_i.o)
                0x080049a0                _printf_i
 .text.quorem   0x08004bec      0x116 c:/vsarm/armcc/bin/../lib/gcc/arm-none-eabi/9.3.1/../../../../arm-none-eabi/lib/thumb/v7e-m+fp/hard\libc_nano.a(lib_a-dtoa.o)
 *fill*         0x08004d02        0x6 
 .text._dtoa_r  0x08004d08      0xbd8 c:/vsarm/armcc/bin/../lib/gcc/arm-none-eabi/9.3.1/../../../../arm-none-eabi/lib/thumb/v7e-m+fp/hard\libc_nano.a(lib_a-dtoa.o)
                0x08004d08                _dtoa_r
 .text._localeconv_r
                0x080058e0        0x8 c:/vsarm/armcc/bin/../lib/gcc/arm-none-eabi/9.3.1/../../../../arm-none-eabi/lib/thumb/v7e-m+fp/hard\libc_nano.a(lib_a-localeconv.o)
                0x080058e0                _localeconv_r
 .text.malloc   0x080058e8       0x10 c:/vsarm/armcc/bin/../lib/gcc/arm-none-eabi/9.3.1/../../../../arm-none-eabi/lib/thumb/v7e-m+fp/hard\libc_nano.a(lib_a-malloc.o)
                0x080058e8                malloc
 .text.memcpy   0x080058f8       0x1c c:/vsarm/armcc/bin/../lib/gcc/arm-none-eabi/9.3.1/../../../../arm-none-eabi/lib/thumb/v7e-m+fp/hard\libc_nano.a(lib_a-memcpy-stub.o)
                0x080058f8                memcpy
 .text._Balloc  0x08005914       0x80 c:/vsarm/armcc/bin/../lib/gcc/arm-none-eabi/9.3.1/../../../../arm-none-eabi/lib/thumb/v7e-m+fp/hard\libc_nano.a(lib_a-mprec.o)
                0x08005914                _Balloc
 .text._Bfree   0x08005994       0x44 c:/vsarm/armcc/bin/../lib/gcc/arm-none-eabi/9.3.1/../../../../arm-none-eabi/lib/thumb/v7e-m+fp/hard\libc_nano.a(lib_a-mprec.o)
                0x08005994                _Bfree
 .text.__multadd
                0x080059d8       0x94 c:/vsarm/armcc/bin/../lib/gcc/arm-none-eabi/9.3.1/../../../../arm-none-eabi/lib/thumb/v7e-m+fp/hard\libc_nano.a(lib_a-mprec.o)
                0x080059d8                __multadd
 .text.__hi0bits
                0x08005a6c       0x40 c:/vsarm/armcc/bin/../lib/gcc/arm-none-eabi/9.3.1/../../../../arm-none-eabi/lib/thumb/v7e-m+fp/hard\libc_nano.a(lib_a-mprec.o)
                0x08005a6c                __hi0bits
 .text.__lo0bits
                0x08005aac       0x60 c:/vsarm/armcc/bin/../lib/gcc/arm-none-eabi/9.3.1/../../../../arm-none-eabi/lib/thumb/v7e-m+fp/hard\libc_nano.a(lib_a-mprec.o)
                0x08005aac                __lo0bits
 .text.__i2b    0x08005b0c       0x2c c:/vsarm/armcc/bin/../lib/gcc/arm-none-eabi/9.3.1/../../../../arm-none-eabi/lib/thumb/v7e-m+fp/hard\libc_nano.a(lib_a-mprec.o)
                0x08005b0c                __i2b
 .text.__multiply
                0x08005b38      0x14c c:/vsarm/armcc/bin/../lib/gcc/arm-none-eabi/9.3.1/../../../../arm-none-eabi/lib/thumb/v7e-m+fp/hard\libc_nano.a(lib_a-mprec.o)
                0x08005b38                __multiply
 .text.__pow5mult
                0x08005c84       0xb4 c:/vsarm/armcc/bin/../lib/gcc/arm-none-eabi/9.3.1/../../../../arm-none-eabi/lib/thumb/v7e-m+fp/hard\libc_nano.a(lib_a-mprec.o)
                0x08005c84                __pow5mult
 .text.__lshift
                0x08005d38       0xd8 c:/vsarm/armcc/bin/../lib/gcc/arm-none-eabi/9.3.1/../../../../arm-none-eabi/lib/thumb/v7e-m+fp/hard\libc_nano.a(lib_a-mprec.o)
                0x08005d38                __lshift
 .text.__mcmp   0x08005e10       0x38 c:/vsarm/armcc/bin/../lib/gcc/arm-none-eabi/9.3.1/../../../../arm-none-eabi/lib/thumb/v7e-m+fp/hard\libc_nano.a(lib_a-mprec.o)
                0x08005e10                __mcmp
 .text.__mdiff  0x08005e48      0x110 c:/vsarm/armcc/bin/../lib/gcc/arm-none-eabi/9.3.1/../../../../arm-none-eabi/lib/thumb/v7e-m+fp/hard\libc_nano.a(lib_a-mprec.o)
                0x08005e48                __mdiff
 .text.__d2b    0x08005f58       0xb8 c:/vsarm/armcc/bin/../lib/gcc/arm-none-eabi/9.3.1/../../../../arm-none-eabi/lib/thumb/v7e-m+fp/hard\libc_nano.a(lib_a-mprec.o)
                0x08005f58                __d2b
 .text._calloc_r
                0x08006010       0x1e c:/vsarm/armcc/bin/../lib/gcc/arm-none-eabi/9.3.1/../../../../arm-none-eabi/lib/thumb/v7e-m+fp/hard\libc_nano.a(lib_a-nano-callocr.o)
                0x08006010                _calloc_r
 *fill*         0x0800602e        0x2 
 .text._free_r  0x08006030       0xa0 c:/vsarm/armcc/bin/../lib/gcc/arm-none-eabi/9.3.1/../../../../arm-none-eabi/lib/thumb/v7e-m+fp/hard\libc_nano.a(lib_a-nano-freer.o)
                0x08006030                _free_r
 .text._malloc_r
                0x080060d0       0xb4 c:/vsarm/armcc/bin/../lib/gcc/arm-none-eabi/9.3.1/../../../../arm-none-eabi/lib/thumb/v7e-m+fp/hard\libc_nano.a(lib_a-nano-mallocr.o)
                0x080060d0                _malloc_r
 .text._sbrk_r  0x08006184       0x20 c:/vsarm/armcc/bin/../lib/gcc/arm-none-eabi/9.3.1/../../../../arm-none-eabi/lib/thumb/v7e-m+fp/hard\libc_nano.a(lib_a-sbrkr.o)
                0x08006184                _sbrk_r
 .text.__assert_func
                0x080061a4       0x3c c:/vsarm/armcc/bin/../lib/gcc/arm-none-eabi/9.3.1/../../../../arm-none-eabi/lib/thumb/v7e-m+fp/hard\libc_nano.a(lib_a-assert.o)
                0x080061a4                __assert_func
 .text.fprintf  0x080061e0       0x24 c:/vsarm/armcc/bin/../lib/gcc/arm-none-eabi/9.3.1/../../../../arm-none-eabi/lib/thumb/v7e-m+fp/hard\libc_nano.a(lib_a-fprintf.o)
                0x080061e0                fiprintf
                0x080061e0                fprintf
 .text.__ascii_mbtowc
                0x08006204       0x24 c:/vsarm/armcc/bin/../lib/gcc/arm-none-eabi/9.3.1/../../../../arm-none-eabi/lib/thumb/v7e-m+fp/hard\libc_nano.a(lib_a-mbtowc_r.o)
                0x08006204                __ascii_mbtowc
 .text.__malloc_lock
                0x08006228        0xc c:/vsarm/armcc/bin/../lib/gcc/arm-none-eabi/9.3.1/../../../../arm-none-eabi/lib/thumb/v7e-m+fp/hard\libc_nano.a(lib_a-mlock.o)
                0x08006228                __malloc_lock
 .text.__malloc_unlock
                0x08006234        0xc c:/vsarm/armcc/bin/../lib/gcc/arm-none-eabi/9.3.1/../../../../arm-none-eabi/lib/thumb/v7e-m+fp/hard\libc_nano.a(lib_a-mlock.o)
                0x08006234                __malloc_unlock
 .text.__sfputc_r
                0x08006240       0x2e c:/vsarm/armcc/bin/../lib/gcc/arm-none-eabi/9.3.1/../../../../arm-none-eabi/lib/thumb/v7e-m+fp/hard\libc_nano.a(lib_a-nano-vfprintf.o)
 .text.__sfputs_r
                0x0800626e       0x24 c:/vsarm/armcc/bin/../lib/gcc/arm-none-eabi/9.3.1/../../../../arm-none-eabi/lib/thumb/v7e-m+fp/hard\libc_nano.a(lib_a-nano-vfprintf.o)
                0x0800626e                __sfputs_r
 *fill*         0x08006292        0x2 
 .text._vfprintf_r
                0x08006294      0x260 c:/vsarm/armcc/bin/../lib/gcc/arm-none-eabi/9.3.1/../../../../arm-none-eabi/lib/thumb/v7e-m+fp/hard\libc_nano.a(lib_a-nano-vfprintf.o)
                0x08006294                _vfprintf_r
                0x08006294                _vfiprintf_r
 .text.__swbuf_r
                0x080064f4       0xa4 c:/vsarm/armcc/bin/../lib/gcc/arm-none-eabi/9.3.1/../../../../arm-none-eabi/lib/thumb/v7e-m+fp/hard\libc_nano.a(lib_a-wbuf.o)
                0x080064f4                __swbuf_r
 .text.__ascii_wctomb
                0x08006598       0x1a c:/vsarm/armcc/bin/../lib/gcc/arm-none-eabi/9.3.1/../../../../arm-none-eabi/lib/thumb/v7e-m+fp/hard\libc_nano.a(lib_a-wctomb_r.o)
                0x08006598                __ascii_wctomb
 *fill*         0x080065b2        0x2 
 .text.__swsetup_r
                0x080065b4       0xdc c:/vsarm/armcc/bin/../lib/gcc/arm-none-eabi/9.3.1/../../../../arm-none-eabi/lib/thumb/v7e-m+fp/hard\libc_nano.a(lib_a-wsetup.o)
                0x080065b4                __swsetup_r
 .text.abort    0x08006690        0xe c:/vsarm/armcc/bin/../lib/gcc/arm-none-eabi/9.3.1/../../../../arm-none-eabi/lib/thumb/v7e-m+fp/hard\libc_nano.a(lib_a-abort.o)
                0x08006690                abort
 *fill*         0x0800669e        0x2 
 .text.__sflush_r
                0x080066a0      0x10c c:/vsarm/armcc/bin/../lib/gcc/arm-none-eabi/9.3.1/../../../../arm-none-eabi/lib/thumb/v7e-m+fp/hard\libc_nano.a(lib_a-fflush.o)
                0x080066a0                __sflush_r
 .text._fflush_r
                0x080067ac       0x78 c:/vsarm/armcc/bin/../lib/gcc/arm-none-eabi/9.3.1/../../../../arm-none-eabi/lib/thumb/v7e-m+fp/hard\libc_nano.a(lib_a-fflush.o)
                0x080067ac                _fflush_r
 .text.std      0x08006824       0x48 c:/vsarm/armcc/bin/../lib/gcc/arm-none-eabi/9.3.1/../../../../arm-none-eabi/lib/thumb/v7e-m+fp/hard\libc_nano.a(lib_a-findfp.o)
 .text._cleanup_r
                0x0800686c        0xc c:/vsarm/armcc/bin/../lib/gcc/arm-none-eabi/9.3.1/../../../../arm-none-eabi/lib/thumb/v7e-m+fp/hard\libc_nano.a(lib_a-findfp.o)
                0x0800686c                _cleanup_r
 .text.__sfmoreglue
                0x08006878       0x2c c:/vsarm/armcc/bin/../lib/gcc/arm-none-eabi/9.3.1/../../../../arm-none-eabi/lib/thumb/v7e-m+fp/hard\libc_nano.a(lib_a-findfp.o)
                0x08006878                __sfmoreglue
 .text.__sfp_lock_acquire
                0x080068a4        0xc c:/vsarm/armcc/bin/../lib/gcc/arm-none-eabi/9.3.1/../../../../arm-none-eabi/lib/thumb/v7e-m+fp/hard\libc_nano.a(lib_a-findfp.o)
                0x080068a4                __sfp_lock_acquire
 .text.__sfp_lock_release
                0x080068b0        0xc c:/vsarm/armcc/bin/../lib/gcc/arm-none-eabi/9.3.1/../../../../arm-none-eabi/lib/thumb/v7e-m+fp/hard\libc_nano.a(lib_a-findfp.o)
                0x080068b0                __sfp_lock_release
 .text.__sinit_lock_acquire
                0x080068bc        0xc c:/vsarm/armcc/bin/../lib/gcc/arm-none-eabi/9.3.1/../../../../arm-none-eabi/lib/thumb/v7e-m+fp/hard\libc_nano.a(lib_a-findfp.o)
                0x080068bc                __sinit_lock_acquire
 .text.__sinit_lock_release
                0x080068c8        0xc c:/vsarm/armcc/bin/../lib/gcc/arm-none-eabi/9.3.1/../../../../arm-none-eabi/lib/thumb/v7e-m+fp/hard\libc_nano.a(lib_a-findfp.o)
                0x080068c8                __sinit_lock_release
 .text.__sinit  0x080068d4       0x70 c:/vsarm/armcc/bin/../lib/gcc/arm-none-eabi/9.3.1/../../../../arm-none-eabi/lib/thumb/v7e-m+fp/hard\libc_nano.a(lib_a-findfp.o)
                0x080068d4                __sinit
 .text.__sfp    0x08006944       0x8c c:/vsarm/armcc/bin/../lib/gcc/arm-none-eabi/9.3.1/../../../../arm-none-eabi/lib/thumb/v7e-m+fp/hard\libc_nano.a(lib_a-findfp.o)
                0x08006944                __sfp
 .text._fwalk_reent
                0x080069d0       0x3e c:/vsarm/armcc/bin/../lib/gcc/arm-none-eabi/9.3.1/../../../../arm-none-eabi/lib/thumb/v7e-m+fp/hard\libc_nano.a(lib_a-fwalk.o)
                0x080069d0                _fwalk_reent
 .text.__retarget_lock_init_recursive
                0x08006a0e        0x2 c:/vsarm/armcc/bin/../lib/gcc/arm-none-eabi/9.3.1/../../../../arm-none-eabi/lib/thumb/v7e-m+fp/hard\libc_nano.a(lib_a-lock.o)
                0x08006a0e                __retarget_lock_init_recursive
 .text.__retarget_lock_acquire_recursive
                0x08006a10        0x2 c:/vsarm/armcc/bin/../lib/gcc/arm-none-eabi/9.3.1/../../../../arm-none-eabi/lib/thumb/v7e-m+fp/hard\libc_nano.a(lib_a-lock.o)
                0x08006a10                __retarget_lock_acquire_recursive
 .text.__retarget_lock_release_recursive
                0x08006a12        0x2 c:/vsarm/armcc/bin/../lib/gcc/arm-none-eabi/9.3.1/../../../../arm-none-eabi/lib/thumb/v7e-m+fp/hard\libc_nano.a(lib_a-lock.o)
                0x08006a12                __retarget_lock_release_recursive
 .text.__swhatbuf_r
                0x08006a14       0x48 c:/vsarm/armcc/bin/../lib/gcc/arm-none-eabi/9.3.1/../../../../arm-none-eabi/lib/thumb/v7e-m+fp/hard\libc_nano.a(lib_a-makebuf.o)
                0x08006a14                __swhatbuf_r
 .text.__smakebuf_r
                0x08006a5c       0x80 c:/vsarm/armcc/bin/../lib/gcc/arm-none-eabi/9.3.1/../../../../arm-none-eabi/lib/thumb/v7e-m+fp/hard\libc_nano.a(lib_a-makebuf.o)
                0x08006a5c                __smakebuf_r
 .text._raise_r
                0x08006adc       0x50 c:/vsarm/armcc/bin/../lib/gcc/arm-none-eabi/9.3.1/../../../../arm-none-eabi/lib/thumb/v7e-m+fp/hard\libc_nano.a(lib_a-signal.o)
                0x08006adc                _raise_r
 .text.raise    0x08006b2c       0x10 c:/vsarm/armcc/bin/../lib/gcc/arm-none-eabi/9.3.1/../../../../arm-none-eabi/lib/thumb/v7e-m+fp/hard\libc_nano.a(lib_a-signal.o)
                0x08006b2c                raise
 .text._kill_r  0x08006b3c       0x24 c:/vsarm/armcc/bin/../lib/gcc/arm-none-eabi/9.3.1/../../../../arm-none-eabi/lib/thumb/v7e-m+fp/hard\libc_nano.a(lib_a-signalr.o)
                0x08006b3c                _kill_r
 .text._getpid_r
                0x08006b60        0x4 c:/vsarm/armcc/bin/../lib/gcc/arm-none-eabi/9.3.1/../../../../arm-none-eabi/lib/thumb/v7e-m+fp/hard\libc_nano.a(lib_a-signalr.o)
                0x08006b60                _getpid_r
 .text.__sread  0x08006b64       0x22 c:/vsarm/armcc/bin/../lib/gcc/arm-none-eabi/9.3.1/../../../../arm-none-eabi/lib/thumb/v7e-m+fp/hard\libc_nano.a(lib_a-stdio.o)
                0x08006b64                __sread
 .text.__swrite
                0x08006b86       0x38 c:/vsarm/armcc/bin/../lib/gcc/arm-none-eabi/9.3.1/../../../../arm-none-eabi/lib/thumb/v7e-m+fp/hard\libc_nano.a(lib_a-stdio.o)
                0x08006b86                __swrite
 .text.__sseek  0x08006bbe       0x24 c:/vsarm/armcc/bin/../lib/gcc/arm-none-eabi/9.3.1/../../../../arm-none-eabi/lib/thumb/v7e-m+fp/hard\libc_nano.a(lib_a-stdio.o)
                0x08006bbe                __sseek
 .text.__sclose
                0x08006be2        0x8 c:/vsarm/armcc/bin/../lib/gcc/arm-none-eabi/9.3.1/../../../../arm-none-eabi/lib/thumb/v7e-m+fp/hard\libc_nano.a(lib_a-stdio.o)
                0x08006be2                __sclose
 *fill*         0x08006bea        0x2 
 .text._write_r
                0x08006bec       0x24 c:/vsarm/armcc/bin/../lib/gcc/arm-none-eabi/9.3.1/../../../../arm-none-eabi/lib/thumb/v7e-m+fp/hard\libc_nano.a(lib_a-writer.o)
                0x08006bec                _write_r
 .text._close_r
                0x08006c10       0x20 c:/vsarm/armcc/bin/../lib/gcc/arm-none-eabi/9.3.1/../../../../arm-none-eabi/lib/thumb/v7e-m+fp/hard\libc_nano.a(lib_a-closer.o)
                0x08006c10                _close_r
 .text._fstat_r
                0x08006c30       0x24 c:/vsarm/armcc/bin/../lib/gcc/arm-none-eabi/9.3.1/../../../../arm-none-eabi/lib/thumb/v7e-m+fp/hard\libc_nano.a(lib_a-fstatr.o)
                0x08006c30                _fstat_r
 .text._isatty_r
                0x08006c54       0x20 c:/vsarm/armcc/bin/../lib/gcc/arm-none-eabi/9.3.1/../../../../arm-none-eabi/lib/thumb/v7e-m+fp/hard\libc_nano.a(lib_a-isattyr.o)
                0x08006c54                _isatty_r
 .text._lseek_r
                0x08006c74       0x24 c:/vsarm/armcc/bin/../lib/gcc/arm-none-eabi/9.3.1/../../../../arm-none-eabi/lib/thumb/v7e-m+fp/hard\libc_nano.a(lib_a-lseekr.o)
                0x08006c74                _lseek_r
 .text._read_r  0x08006c98       0x24 c:/vsarm/armcc/bin/../lib/gcc/arm-none-eabi/9.3.1/../../../../arm-none-eabi/lib/thumb/v7e-m+fp/hard\libc_nano.a(lib_a-readr.o)
                0x08006c98                _read_r
 .text._close   0x08006cbc       0x10 c:/vsarm/armcc/bin/../lib/gcc/arm-none-eabi/9.3.1/../../../../arm-none-eabi/lib/thumb/v7e-m+fp/hard\libnosys.a(close.o)
                0x08006cbc                _close
 .text._fstat   0x08006ccc       0x10 c:/vsarm/armcc/bin/../lib/gcc/arm-none-eabi/9.3.1/../../../../arm-none-eabi/lib/thumb/v7e-m+fp/hard\libnosys.a(fstat.o)
                0x08006ccc                _fstat
 .text._getpid  0x08006cdc       0x10 c:/vsarm/armcc/bin/../lib/gcc/arm-none-eabi/9.3.1/../../../../arm-none-eabi/lib/thumb/v7e-m+fp/hard\libnosys.a(getpid.o)
                0x08006cdc                _getpid
 .text._isatty  0x08006cec       0x10 c:/vsarm/armcc/bin/../lib/gcc/arm-none-eabi/9.3.1/../../../../arm-none-eabi/lib/thumb/v7e-m+fp/hard\libnosys.a(isatty.o)
                0x08006cec                _isatty
 .text._kill    0x08006cfc       0x10 c:/vsarm/armcc/bin/../lib/gcc/arm-none-eabi/9.3.1/../../../../arm-none-eabi/lib/thumb/v7e-m+fp/hard\libnosys.a(kill.o)
                0x08006cfc                _kill
 .text._lseek   0x08006d0c       0x10 c:/vsarm/armcc/bin/../lib/gcc/arm-none-eabi/9.3.1/../../../../arm-none-eabi/lib/thumb/v7e-m+fp/hard\libnosys.a(lseek.o)
                0x08006d0c                _lseek
 .text._read    0x08006d1c       0x10 c:/vsarm/armcc/bin/../lib/gcc/arm-none-eabi/9.3.1/../../../../arm-none-eabi/lib/thumb/v7e-m+fp/hard\libnosys.a(read.o)
                0x08006d1c                _read
 .text._sbrk    0x08006d2c       0x1c c:/vsarm/armcc/bin/../lib/gcc/arm-none-eabi/9.3.1/../../../../arm-none-eabi/lib/thumb/v7e-m+fp/hard\libnosys.a(sbrk.o)
                0x08006d2c                _sbrk
 .text._exit    0x08006d48        0x4 c:/vsarm/armcc/bin/../lib/gcc/arm-none-eabi/9.3.1/../../../../arm-none-eabi/lib/thumb/v7e-m+fp/hard\libnosys.a(_exit.o)
                0x08006d48                _exit
 *(.glue_7)
 .glue_7        0x08006d4c        0x0 linker stubs
 *(.glue_7t)
 .glue_7t       0x08006d4c        0x0 linker stubs
 *(.eh_frame)
 .eh_frame      0x08006d4c        0x0 c:/vsarm/armcc/bin/../lib/gcc/arm-none-eabi/9.3.1/thumb/v7e-m+fp/hard/crtbegin.o
 *(.init)
 .init          0x08006d4c        0x4 c:/vsarm/armcc/bin/../lib/gcc/arm-none-eabi/9.3.1/thumb/v7e-m+fp/hard/crti.o
                0x08006d4c                _init
 .init          0x08006d50        0x8 c:/vsarm/armcc/bin/../lib/gcc/arm-none-eabi/9.3.1/thumb/v7e-m+fp/hard/crtn.o
 *(.fini)
 .fini          0x08006d58        0x4 c:/vsarm/armcc/bin/../lib/gcc/arm-none-eabi/9.3.1/thumb/v7e-m+fp/hard/crti.o
                0x08006d58                _fini
 .fini          0x08006d5c        0x8 c:/vsarm/armcc/bin/../lib/gcc/arm-none-eabi/9.3.1/thumb/v7e-m+fp/hard/crtn.o
                0x08006d64                . = ALIGN (0x4)
                0x08006d64                _etext = .

.vfp11_veneer   0x08006d64        0x0
 .vfp11_veneer  0x08006d64        0x0 linker stubs

.v4_bx          0x08006d64        0x0
 .v4_bx         0x08006d64        0x0 linker stubs

.iplt           0x08006d64        0x0
 .iplt          0x08006d64        0x0 c:/vsarm/armcc/bin/../lib/gcc/arm-none-eabi/9.3.1/thumb/v7e-m+fp/hard/crtbegin.o

.rodata         0x08006d68      0x46c
                0x08006d68                . = ALIGN (0x4)
 *(.rodata)
 .rodata        0x08006d68       0x30 Build/actuator.o
 *(.rodata*)
 .rodata.flagBitshiftOffset.8249
                0x08006d98        0x8 Build/stm32f4xx_hal_dma.o
 .rodata.AHBPrescTable
                0x08006da0       0x10 Build/system_stm32f4xx.o
                0x08006da0                AHBPrescTable
 .rodata.APBPrescTable
                0x08006db0        0x8 Build/system_stm32f4xx.o
                0x08006db0                APBPrescTable
 .rodata._global_impure_ptr
                0x08006db8        0x4 c:/vsarm/armcc/bin/../lib/gcc/arm-none-eabi/9.3.1/../../../../arm-none-eabi/lib/thumb/v7e-m+fp/hard\libc_nano.a(lib_a-impure.o)
                0x08006db8                _global_impure_ptr
 .rodata._printf_float.str1.1
                0x08006dbc       0x12 c:/vsarm/armcc/bin/../lib/gcc/arm-none-eabi/9.3.1/../../../../arm-none-eabi/lib/thumb/v7e-m+fp/hard\libc_nano.a(lib_a-nano-vfprintf_float.o)
 .rodata._printf_i.str1.1
                0x08006dce       0x22 c:/vsarm/armcc/bin/../lib/gcc/arm-none-eabi/9.3.1/../../../../arm-none-eabi/lib/thumb/v7e-m+fp/hard\libc_nano.a(lib_a-nano-vfprintf_i.o)
 .rodata._dtoa_r.str1.1
                0x08006df0       0xb1 c:/vsarm/armcc/bin/../lib/gcc/arm-none-eabi/9.3.1/../../../../arm-none-eabi/lib/thumb/v7e-m+fp/hard\libc_nano.a(lib_a-dtoa.o)
                                 0xb3 (size before relaxing)
 .rodata._Balloc.str1.1
                0x08006ea1       0x7d c:/vsarm/armcc/bin/../lib/gcc/arm-none-eabi/9.3.1/../../../../arm-none-eabi/lib/thumb/v7e-m+fp/hard\libc_nano.a(lib_a-mprec.o)
                                 0x94 (size before relaxing)
 .rodata.__multadd.str1.1
                0x08006f1e       0x11 c:/vsarm/armcc/bin/../lib/gcc/arm-none-eabi/9.3.1/../../../../arm-none-eabi/lib/thumb/v7e-m+fp/hard\libc_nano.a(lib_a-mprec.o)
 *fill*         0x08006f1e        0x2 
 .rodata.__mprec_bigtens
                0x08006f20       0x28 c:/vsarm/armcc/bin/../lib/gcc/arm-none-eabi/9.3.1/../../../../arm-none-eabi/lib/thumb/v7e-m+fp/hard\libc_nano.a(lib_a-mprec.o)
                0x08006f20                __mprec_bigtens
 .rodata.__mprec_tens
                0x08006f48       0xc8 c:/vsarm/armcc/bin/../lib/gcc/arm-none-eabi/9.3.1/../../../../arm-none-eabi/lib/thumb/v7e-m+fp/hard\libc_nano.a(lib_a-mprec.o)
                0x08006f48                __mprec_tens
 .rodata.p05.7513
                0x08007010        0xc c:/vsarm/armcc/bin/../lib/gcc/arm-none-eabi/9.3.1/../../../../arm-none-eabi/lib/thumb/v7e-m+fp/hard\libc_nano.a(lib_a-mprec.o)
 .rodata.__assert_func.str1.1
                0x0800701c       0x3c c:/vsarm/armcc/bin/../lib/gcc/arm-none-eabi/9.3.1/../../../../arm-none-eabi/lib/thumb/v7e-m+fp/hard\libc_nano.a(lib_a-assert.o)
                                 0x3d (size before relaxing)
 .rodata._setlocale_r.str1.1
                0x08007058        0x8 c:/vsarm/armcc/bin/../lib/gcc/arm-none-eabi/9.3.1/../../../../arm-none-eabi/lib/thumb/v7e-m+fp/hard\libc_nano.a(lib_a-locale.o)
                                  0x9 (size before relaxing)
 .rodata.str1.1
                0x08007060        0x2 c:/vsarm/armcc/bin/../lib/gcc/arm-none-eabi/9.3.1/../../../../arm-none-eabi/lib/thumb/v7e-m+fp/hard\libc_nano.a(lib_a-locale.o)
 .rodata._vfprintf_r.str1.1
                0x08007062       0x11 c:/vsarm/armcc/bin/../lib/gcc/arm-none-eabi/9.3.1/../../../../arm-none-eabi/lib/thumb/v7e-m+fp/hard\libc_nano.a(lib_a-nano-vfprintf.o)
 .rodata._ctype_
                0x08007073      0x101 c:/vsarm/armcc/bin/../lib/gcc/arm-none-eabi/9.3.1/../../../../arm-none-eabi/lib/thumb/v7e-m+fp/hard\libc_nano.a(lib_a-ctype_.o)
                0x08007073                _ctype_
 .rodata.__sf_fake_stderr
                0x08007174       0x20 c:/vsarm/armcc/bin/../lib/gcc/arm-none-eabi/9.3.1/../../../../arm-none-eabi/lib/thumb/v7e-m+fp/hard\libc_nano.a(lib_a-findfp.o)
                0x08007174                __sf_fake_stderr
 .rodata.__sf_fake_stdin
                0x08007194       0x20 c:/vsarm/armcc/bin/../lib/gcc/arm-none-eabi/9.3.1/../../../../arm-none-eabi/lib/thumb/v7e-m+fp/hard\libc_nano.a(lib_a-findfp.o)
                0x08007194                __sf_fake_stdin
 .rodata.__sf_fake_stdout
                0x080071b4       0x20 c:/vsarm/armcc/bin/../lib/gcc/arm-none-eabi/9.3.1/../../../../arm-none-eabi/lib/thumb/v7e-m+fp/hard\libc_nano.a(lib_a-findfp.o)
                0x080071b4                __sf_fake_stdout
                0x080071d4                . = ALIGN (0x4)

.ARM.extab
 *(.ARM.extab* .gnu.linkonce.armextab.*)

.ARM            0x080071d4        0x8
                0x080071d4                __exidx_start = .
 *(.ARM.exidx*)
 .ARM.exidx     0x080071d4        0x8 c:/vsarm/armcc/bin/../lib/gcc/arm-none-eabi/9.3.1/thumb/v7e-m+fp/hard\libgcc.a(_udivmoddi4.o)
                0x080071dc                __exidx_end = .

.rel.dyn        0x080071dc        0x0
 .rel.iplt      0x080071dc        0x0 c:/vsarm/armcc/bin/../lib/gcc/arm-none-eabi/9.3.1/thumb/v7e-m+fp/hard/crtbegin.o

.preinit_array  0x080071dc        0x0
                0x080071dc                PROVIDE (__preinit_array_start = .)
 *(.preinit_array*)
                0x080071dc                PROVIDE (__preinit_array_end = .)

.init_array     0x080071dc       0x14
                0x080071dc                PROVIDE (__init_array_start = .)
 *(SORT_BY_NAME(.init_array.*))
 *(.init_array*)
 .init_array    0x080071dc        0x4 c:/vsarm/armcc/bin/../lib/gcc/arm-none-eabi/9.3.1/thumb/v7e-m+fp/hard/crtbegin.o
 .init_array    0x080071e0        0x4 Build/actuator.o
 .init_array    0x080071e4        0x4 Build/robo_init.o
 .init_array    0x080071e8        0x4 Build/encoder.o
 .init_array    0x080071ec        0x4 Build/joystick.o
                0x080071f0                PROVIDE (__init_array_end = .)

.fini_array     0x080071f0        0x4
                [!provide]                PROVIDE (__fini_array_start = .)
 *(SORT_BY_NAME(.fini_array.*))
 *(.fini_array*)
 .fini_array    0x080071f0        0x4 c:/vsarm/armcc/bin/../lib/gcc/arm-none-eabi/9.3.1/thumb/v7e-m+fp/hard/crtbegin.o
                [!provide]                PROVIDE (__fini_array_end = .)
                0x080071f4                _sidata = LOADADDR (.data)

.data           0x20000000      0x1e8 load address 0x080071f4
                0x20000000                . = ALIGN (0x4)
                0x20000000                _sdata = .
 *(.data)
 .data          0x20000000        0x4 c:/vsarm/armcc/bin/../lib/gcc/arm-none-eabi/9.3.1/thumb/v7e-m+fp/hard/crtbegin.o
                0x20000000                __dso_handle
 *(.data*)
 .data.uwTickFreq
                0x20000004        0x1 Build/stm32f4xx_hal.o
                0x20000004                uwTickFreq
 *fill*         0x20000005        0x3 
 .data.uwTickPrio
                0x20000008        0x4 Build/stm32f4xx_hal.o
                0x20000008                uwTickPrio
 .data.SystemCoreClock
                0x2000000c        0x4 Build/system_stm32f4xx.o
                0x2000000c                SystemCoreClock
 .data.velocity
                0x20000010        0x4 Build/actuator.o
                0x20000010                velocity
 .data.blueLedState
                0x20000014        0x1 Build/joystick.o
                0x20000014                blueLedState
 *fill*         0x20000015        0x3 
 .data._impure_ptr
                0x20000018        0x4 c:/vsarm/armcc/bin/../lib/gcc/arm-none-eabi/9.3.1/../../../../arm-none-eabi/lib/thumb/v7e-m+fp/hard\libc_nano.a(lib_a-impure.o)
                0x20000018                _impure_ptr
 .data.impure_data
                0x2000001c       0x60 c:/vsarm/armcc/bin/../lib/gcc/arm-none-eabi/9.3.1/../../../../arm-none-eabi/lib/thumb/v7e-m+fp/hard\libc_nano.a(lib_a-impure.o)
 .data.__global_locale
                0x2000007c      0x16c c:/vsarm/armcc/bin/../lib/gcc/arm-none-eabi/9.3.1/../../../../arm-none-eabi/lib/thumb/v7e-m+fp/hard\libc_nano.a(lib_a-locale.o)
                0x2000007c                __global_locale
                0x200001e8                . = ALIGN (0x4)
                0x200001e8                _edata = .
                0x080073dc                _siccmram = LOADADDR (.ccmram)

.igot.plt       0x200001e8        0x0 load address 0x080073dc
 .igot.plt      0x200001e8        0x0 c:/vsarm/armcc/bin/../lib/gcc/arm-none-eabi/9.3.1/thumb/v7e-m+fp/hard/crtbegin.o

.ccmram         0x10000000        0x0 load address 0x080073dc
                0x10000000                . = ALIGN (0x4)
                0x10000000                _sccmram = .
 *(.ccmram)
 *(.ccmram*)
                0x10000000                . = ALIGN (0x4)
                0x10000000                _eccmram = .
                0x10000000                . = ALIGN (0x4)

.bss            0x200001e8      0x41c
                0x200001e8                _sbss = .
                0x200001e8                __bss_start__ = _sbss
 *(.bss)
 .bss           0x200001e8       0x1c c:/vsarm/armcc/bin/../lib/gcc/arm-none-eabi/9.3.1/thumb/v7e-m+fp/hard/crtbegin.o
 *(.bss*)
 .bss._ZL14velocity_robot
                0x20000204        0xc Build/actuator.o
 .bss.time      0x20000210        0x4 Build/actuator.o
                0x20000210                time
 .bss._ZL20motor_configurations
                0x20000214       0x80 Build/robo_init.o
 .bss.gMotor    0x20000294       0x60 Build/robo_init.o
                0x20000294                gMotor
 .bss._ZL14encoder_config
                0x200002f4       0x30 Build/encoder.o
 .bss._ZL13gRx2_Data_num
                0x20000324        0x2 Build/joystick.o
 .bss._ZL15gStart_Byte_Rx2
                0x20000326        0x1 Build/joystick.o
 .bss._ZL8gRx2Data
                0x20000327        0x1 Build/joystick.o
 .bss._ZL9gJoyStick
                0x20000328       0x20 Build/joystick.o
 .bss.gJoy      0x20000348        0x8 Build/joystick.o
                0x20000348                gJoy
 .bss.gJoy_Data_Arr
                0x20000350        0x8 Build/joystick.o
                0x20000350                gJoy_Data_Arr
 .bss.joystick  0x20000358        0x4 Build/joystick.o
                0x20000358                joystick
 .bss.iError    0x2000035c        0x4 Build/pid.o
                0x2000035c                iError
 .bss.lastError
                0x20000360        0x4 Build/pid.o
                0x20000360                lastError
 .bss.__malloc_free_list
                0x20000364        0x4 c:/vsarm/armcc/bin/../lib/gcc/arm-none-eabi/9.3.1/../../../../arm-none-eabi/lib/thumb/v7e-m+fp/hard\libc_nano.a(lib_a-nano-mallocr.o)
                0x20000364                __malloc_free_list
 .bss.__malloc_sbrk_start
                0x20000368        0x4 c:/vsarm/armcc/bin/../lib/gcc/arm-none-eabi/9.3.1/../../../../arm-none-eabi/lib/thumb/v7e-m+fp/hard\libc_nano.a(lib_a-nano-mallocr.o)
                0x20000368                __malloc_sbrk_start
 .bss.heap_end.5507
                0x2000036c        0x4 c:/vsarm/armcc/bin/../lib/gcc/arm-none-eabi/9.3.1/../../../../arm-none-eabi/lib/thumb/v7e-m+fp/hard\libnosys.a(sbrk.o)
 *(COMMON)
 COMMON         0x20000370      0x140 Build/tim.o
                0x20000370                htim8
                0x200003b0                htim4
                0x200003f0                htim3
                0x20000430                htim1
                0x20000470                htim2
 COMMON         0x200004b0      0x140 Build/usart.o
                0x200004b0                hdma_usart2_rx
                0x20000510                huart4
                0x20000550                huart2
                0x20000590                hdma_uart4_tx
 COMMON         0x200005f0        0x4 Build/stm32f4xx_hal.o
                0x200005f0                uwTick
 COMMON         0x200005f4        0x4 c:/vsarm/armcc/bin/../lib/gcc/arm-none-eabi/9.3.1/../../../../arm-none-eabi/lib/thumb/v7e-m+fp/hard\libc_nano.a(lib_a-reent.o)
                0x200005f4                errno
 COMMON         0x200005f8        0x9 c:/vsarm/armcc/bin/../lib/gcc/arm-none-eabi/9.3.1/../../../../arm-none-eabi/lib/thumb/v7e-m+fp/hard\libc_nano.a(lib_a-lock.o)
                0x200005f8                __lock___atexit_recursive_mutex
                0x200005f9                __lock___arc4random_mutex
                0x200005fa                __lock___env_recursive_mutex
                0x200005fb                __lock___sinit_recursive_mutex
                0x200005fc                __lock___malloc_recursive_mutex
                0x200005fd                __lock___at_quick_exit_mutex
                0x200005fe                __lock___dd_hash_mutex
                0x200005ff                __lock___tz_mutex
                0x20000600                __lock___sfp_recursive_mutex
                0x20000604                . = ALIGN (0x4)
 *fill*         0x20000601        0x3 
                0x20000604                _ebss = .
                0x20000604                __bss_end__ = _ebss

._user_heap_stack
                0x20000604      0x604
                0x20000608                . = ALIGN (0x8)
 *fill*         0x20000604        0x4 
                0x20000608                PROVIDE (end = .)
                [!provide]                PROVIDE (_end = .)
                0x20000808                . = (. + _Min_Heap_Size)
 *fill*         0x20000608      0x200 
                0x20000c08                . = (. + _Min_Stack_Size)
 *fill*         0x20000808      0x400 
                0x20000c08                . = ALIGN (0x8)

/DISCARD/
 libc.a(*)
 libm.a(*)
 libgcc.a(*)

.ARM.attributes
                0x00000000       0x30
 *(.ARM.attributes)
 .ARM.attributes
                0x00000000       0x1e c:/vsarm/armcc/bin/../lib/gcc/arm-none-eabi/9.3.1/thumb/v7e-m+fp/hard/crti.o
 .ARM.attributes
                0x0000001e       0x34 c:/vsarm/armcc/bin/../lib/gcc/arm-none-eabi/9.3.1/thumb/v7e-m+fp/hard/crtbegin.o
 .ARM.attributes
                0x00000052       0x34 Build/printf_config.o
 .ARM.attributes
                0x00000086       0x34 Build/gpio.o
 .ARM.attributes
                0x000000ba       0x34 Build/tim.o
 .ARM.attributes
                0x000000ee       0x34 Build/usart.o
 .ARM.attributes
                0x00000122       0x34 Build/stm32f4xx_it.o
 .ARM.attributes
                0x00000156       0x34 Build/stm32f4xx_hal_msp.o
 .ARM.attributes
                0x0000018a       0x34 Build/stm32f4xx_hal_tim.o
 .ARM.attributes
                0x000001be       0x34 Build/stm32f4xx_hal_tim_ex.o
 .ARM.attributes
                0x000001f2       0x34 Build/stm32f4xx_hal_uart.o
 .ARM.attributes
                0x00000226       0x34 Build/stm32f4xx_hal_rcc.o
 .ARM.attributes
                0x0000025a       0x34 Build/stm32f4xx_hal_gpio.o
 .ARM.attributes
                0x0000028e       0x34 Build/stm32f4xx_hal_dma.o
 .ARM.attributes
                0x000002c2       0x34 Build/stm32f4xx_hal_cortex.o
 .ARM.attributes
                0x000002f6       0x34 Build/stm32f4xx_hal.o
 .ARM.attributes
                0x0000032a       0x34 Build/system_stm32f4xx.o
 .ARM.attributes
                0x0000035e       0x34 Build/dma.o
 .ARM.attributes
                0x00000392       0x21 Build/startup_stm32f407xx.o
 .ARM.attributes
                0x000003b3       0x34 Build/actuator.o
 .ARM.attributes
                0x000003e7       0x34 Build/motor.o
 .ARM.attributes
                0x0000041b       0x34 Build/robo_init.o
 .ARM.attributes
                0x0000044f       0x34 Build/encoder.o
 .ARM.attributes
                0x00000483       0x34 Build/main.o
 .ARM.attributes
                0x000004b7       0x34 Build/joystick.o
 .ARM.attributes
                0x000004eb       0x34 Build/pid.o
 .ARM.attributes
                0x0000051f       0x34 c:/vsarm/armcc/bin/../lib/gcc/arm-none-eabi/9.3.1/../../../../arm-none-eabi/lib/thumb/v7e-m+fp/hard\libstdc++_nano.a(atexit_arm.o)
 .ARM.attributes
                0x00000553       0x34 c:/vsarm/armcc/bin/../lib/gcc/arm-none-eabi/9.3.1/../../../../arm-none-eabi/lib/thumb/v7e-m+fp/hard\libc_nano.a(lib_a-cxa_atexit.o)
 .ARM.attributes
                0x00000587       0x32 c:/vsarm/armcc/bin/../lib/gcc/arm-none-eabi/9.3.1/../../../../arm-none-eabi/lib/thumb/v7e-m+fp/hard\libc_nano.a(lib_a-impure.o)
 .ARM.attributes
                0x000005b9       0x34 c:/vsarm/armcc/bin/../lib/gcc/arm-none-eabi/9.3.1/../../../../arm-none-eabi/lib/thumb/v7e-m+fp/hard\libc_nano.a(lib_a-init.o)
 .ARM.attributes
                0x000005ed       0x34 c:/vsarm/armcc/bin/../lib/gcc/arm-none-eabi/9.3.1/../../../../arm-none-eabi/lib/thumb/v7e-m+fp/hard\libc_nano.a(lib_a-memset.o)
 .ARM.attributes
                0x00000621       0x34 c:/vsarm/armcc/bin/../lib/gcc/arm-none-eabi/9.3.1/../../../../arm-none-eabi/lib/thumb/v7e-m+fp/hard\libc_nano.a(lib_a-nano-vfprintf_float.o)
 .ARM.attributes
                0x00000655       0x34 c:/vsarm/armcc/bin/../lib/gcc/arm-none-eabi/9.3.1/../../../../arm-none-eabi/lib/thumb/v7e-m+fp/hard\libc_nano.a(lib_a-nano-vfprintf_i.o)
 .ARM.attributes
                0x00000689       0x17 c:/vsarm/armcc/bin/../lib/gcc/arm-none-eabi/9.3.1/../../../../arm-none-eabi/lib/thumb/v7e-m+fp/hard\libc_nano.a(lib_a-strlen.o)
 .ARM.attributes
                0x000006a0       0x34 c:/vsarm/armcc/bin/../lib/gcc/arm-none-eabi/9.3.1/../../../../arm-none-eabi/lib/thumb/v7e-m+fp/hard\libc_nano.a(lib_a-dtoa.o)
 .ARM.attributes
                0x000006d4       0x34 c:/vsarm/armcc/bin/../lib/gcc/arm-none-eabi/9.3.1/../../../../arm-none-eabi/lib/thumb/v7e-m+fp/hard\libc_nano.a(lib_a-localeconv.o)
 .ARM.attributes
                0x00000708       0x34 c:/vsarm/armcc/bin/../lib/gcc/arm-none-eabi/9.3.1/../../../../arm-none-eabi/lib/thumb/v7e-m+fp/hard\libc_nano.a(lib_a-malloc.o)
 .ARM.attributes
                0x0000073c       0x1c c:/vsarm/armcc/bin/../lib/gcc/arm-none-eabi/9.3.1/../../../../arm-none-eabi/lib/thumb/v7e-m+fp/hard\libc_nano.a(lib_a-memchr.o)
 .ARM.attributes
                0x00000758       0x34 c:/vsarm/armcc/bin/../lib/gcc/arm-none-eabi/9.3.1/../../../../arm-none-eabi/lib/thumb/v7e-m+fp/hard\libc_nano.a(lib_a-memcpy-stub.o)
 .ARM.attributes
                0x0000078c       0x34 c:/vsarm/armcc/bin/../lib/gcc/arm-none-eabi/9.3.1/../../../../arm-none-eabi/lib/thumb/v7e-m+fp/hard\libc_nano.a(lib_a-mprec.o)
 .ARM.attributes
                0x000007c0       0x34 c:/vsarm/armcc/bin/../lib/gcc/arm-none-eabi/9.3.1/../../../../arm-none-eabi/lib/thumb/v7e-m+fp/hard\libc_nano.a(lib_a-nano-callocr.o)
 .ARM.attributes
                0x000007f4       0x34 c:/vsarm/armcc/bin/../lib/gcc/arm-none-eabi/9.3.1/../../../../arm-none-eabi/lib/thumb/v7e-m+fp/hard\libc_nano.a(lib_a-nano-freer.o)
 .ARM.attributes
                0x00000828       0x34 c:/vsarm/armcc/bin/../lib/gcc/arm-none-eabi/9.3.1/../../../../arm-none-eabi/lib/thumb/v7e-m+fp/hard\libc_nano.a(lib_a-nano-mallocr.o)
 .ARM.attributes
                0x0000085c       0x34 c:/vsarm/armcc/bin/../lib/gcc/arm-none-eabi/9.3.1/../../../../arm-none-eabi/lib/thumb/v7e-m+fp/hard\libc_nano.a(lib_a-sbrkr.o)
 .ARM.attributes
                0x00000890       0x34 c:/vsarm/armcc/bin/../lib/gcc/arm-none-eabi/9.3.1/../../../../arm-none-eabi/lib/thumb/v7e-m+fp/hard\libc_nano.a(lib_a-assert.o)
 .ARM.attributes
                0x000008c4       0x34 c:/vsarm/armcc/bin/../lib/gcc/arm-none-eabi/9.3.1/../../../../arm-none-eabi/lib/thumb/v7e-m+fp/hard\libc_nano.a(lib_a-fprintf.o)
 .ARM.attributes
                0x000008f8       0x34 c:/vsarm/armcc/bin/../lib/gcc/arm-none-eabi/9.3.1/../../../../arm-none-eabi/lib/thumb/v7e-m+fp/hard\libc_nano.a(lib_a-locale.o)
 .ARM.attributes
                0x0000092c       0x34 c:/vsarm/armcc/bin/../lib/gcc/arm-none-eabi/9.3.1/../../../../arm-none-eabi/lib/thumb/v7e-m+fp/hard\libc_nano.a(lib_a-mbtowc_r.o)
 .ARM.attributes
                0x00000960       0x34 c:/vsarm/armcc/bin/../lib/gcc/arm-none-eabi/9.3.1/../../../../arm-none-eabi/lib/thumb/v7e-m+fp/hard\libc_nano.a(lib_a-mlock.o)
 .ARM.attributes
                0x00000994       0x34 c:/vsarm/armcc/bin/../lib/gcc/arm-none-eabi/9.3.1/../../../../arm-none-eabi/lib/thumb/v7e-m+fp/hard\libc_nano.a(lib_a-nano-vfprintf.o)
 .ARM.attributes
                0x000009c8       0x34 c:/vsarm/armcc/bin/../lib/gcc/arm-none-eabi/9.3.1/../../../../arm-none-eabi/lib/thumb/v7e-m+fp/hard\libc_nano.a(lib_a-reent.o)
 .ARM.attributes
                0x000009fc       0x34 c:/vsarm/armcc/bin/../lib/gcc/arm-none-eabi/9.3.1/../../../../arm-none-eabi/lib/thumb/v7e-m+fp/hard\libc_nano.a(lib_a-wbuf.o)
 .ARM.attributes
                0x00000a30       0x34 c:/vsarm/armcc/bin/../lib/gcc/arm-none-eabi/9.3.1/../../../../arm-none-eabi/lib/thumb/v7e-m+fp/hard\libc_nano.a(lib_a-wctomb_r.o)
 .ARM.attributes
                0x00000a64       0x34 c:/vsarm/armcc/bin/../lib/gcc/arm-none-eabi/9.3.1/../../../../arm-none-eabi/lib/thumb/v7e-m+fp/hard\libc_nano.a(lib_a-wsetup.o)
 .ARM.attributes
                0x00000a98       0x34 c:/vsarm/armcc/bin/../lib/gcc/arm-none-eabi/9.3.1/../../../../arm-none-eabi/lib/thumb/v7e-m+fp/hard\libc_nano.a(lib_a-abort.o)
 .ARM.attributes
                0x00000acc       0x32 c:/vsarm/armcc/bin/../lib/gcc/arm-none-eabi/9.3.1/../../../../arm-none-eabi/lib/thumb/v7e-m+fp/hard\libc_nano.a(lib_a-ctype_.o)
 .ARM.attributes
                0x00000afe       0x34 c:/vsarm/armcc/bin/../lib/gcc/arm-none-eabi/9.3.1/../../../../arm-none-eabi/lib/thumb/v7e-m+fp/hard\libc_nano.a(lib_a-fflush.o)
 .ARM.attributes
                0x00000b32       0x34 c:/vsarm/armcc/bin/../lib/gcc/arm-none-eabi/9.3.1/../../../../arm-none-eabi/lib/thumb/v7e-m+fp/hard\libc_nano.a(lib_a-findfp.o)
 .ARM.attributes
                0x00000b66       0x34 c:/vsarm/armcc/bin/../lib/gcc/arm-none-eabi/9.3.1/../../../../arm-none-eabi/lib/thumb/v7e-m+fp/hard\libc_nano.a(lib_a-fwalk.o)
 .ARM.attributes
                0x00000b9a       0x34 c:/vsarm/armcc/bin/../lib/gcc/arm-none-eabi/9.3.1/../../../../arm-none-eabi/lib/thumb/v7e-m+fp/hard\libc_nano.a(lib_a-lock.o)
 .ARM.attributes
                0x00000bce       0x34 c:/vsarm/armcc/bin/../lib/gcc/arm-none-eabi/9.3.1/../../../../arm-none-eabi/lib/thumb/v7e-m+fp/hard\libc_nano.a(lib_a-makebuf.o)
 .ARM.attributes
                0x00000c02       0x34 c:/vsarm/armcc/bin/../lib/gcc/arm-none-eabi/9.3.1/../../../../arm-none-eabi/lib/thumb/v7e-m+fp/hard\libc_nano.a(lib_a-signal.o)
 .ARM.attributes
                0x00000c36       0x34 c:/vsarm/armcc/bin/../lib/gcc/arm-none-eabi/9.3.1/../../../../arm-none-eabi/lib/thumb/v7e-m+fp/hard\libc_nano.a(lib_a-signalr.o)
 .ARM.attributes
                0x00000c6a       0x34 c:/vsarm/armcc/bin/../lib/gcc/arm-none-eabi/9.3.1/../../../../arm-none-eabi/lib/thumb/v7e-m+fp/hard\libc_nano.a(lib_a-stdio.o)
 .ARM.attributes
                0x00000c9e       0x34 c:/vsarm/armcc/bin/../lib/gcc/arm-none-eabi/9.3.1/../../../../arm-none-eabi/lib/thumb/v7e-m+fp/hard\libc_nano.a(lib_a-writer.o)
 .ARM.attributes
                0x00000cd2       0x34 c:/vsarm/armcc/bin/../lib/gcc/arm-none-eabi/9.3.1/../../../../arm-none-eabi/lib/thumb/v7e-m+fp/hard\libc_nano.a(lib_a-closer.o)
 .ARM.attributes
                0x00000d06       0x34 c:/vsarm/armcc/bin/../lib/gcc/arm-none-eabi/9.3.1/../../../../arm-none-eabi/lib/thumb/v7e-m+fp/hard\libc_nano.a(lib_a-fstatr.o)
 .ARM.attributes
                0x00000d3a       0x34 c:/vsarm/armcc/bin/../lib/gcc/arm-none-eabi/9.3.1/../../../../arm-none-eabi/lib/thumb/v7e-m+fp/hard\libc_nano.a(lib_a-isattyr.o)
 .ARM.attributes
                0x00000d6e       0x34 c:/vsarm/armcc/bin/../lib/gcc/arm-none-eabi/9.3.1/../../../../arm-none-eabi/lib/thumb/v7e-m+fp/hard\libc_nano.a(lib_a-lseekr.o)
 .ARM.attributes
                0x00000da2       0x34 c:/vsarm/armcc/bin/../lib/gcc/arm-none-eabi/9.3.1/../../../../arm-none-eabi/lib/thumb/v7e-m+fp/hard\libc_nano.a(lib_a-readr.o)
 .ARM.attributes
                0x00000dd6       0x1e c:/vsarm/armcc/bin/../lib/gcc/arm-none-eabi/9.3.1/thumb/v7e-m+fp/hard\libgcc.a(_arm_addsubdf3.o)
 .ARM.attributes
                0x00000df4       0x1e c:/vsarm/armcc/bin/../lib/gcc/arm-none-eabi/9.3.1/thumb/v7e-m+fp/hard\libgcc.a(_arm_muldivdf3.o)
 .ARM.attributes
                0x00000e12       0x1e c:/vsarm/armcc/bin/../lib/gcc/arm-none-eabi/9.3.1/thumb/v7e-m+fp/hard\libgcc.a(_arm_cmpdf2.o)
 .ARM.attributes
                0x00000e30       0x1e c:/vsarm/armcc/bin/../lib/gcc/arm-none-eabi/9.3.1/thumb/v7e-m+fp/hard\libgcc.a(_arm_unorddf2.o)
 .ARM.attributes
                0x00000e4e       0x1e c:/vsarm/armcc/bin/../lib/gcc/arm-none-eabi/9.3.1/thumb/v7e-m+fp/hard\libgcc.a(_arm_fixdfsi.o)
 .ARM.attributes
                0x00000e6c       0x1e c:/vsarm/armcc/bin/../lib/gcc/arm-none-eabi/9.3.1/thumb/v7e-m+fp/hard\libgcc.a(_arm_fixunsdfsi.o)
 .ARM.attributes
                0x00000e8a       0x1e c:/vsarm/armcc/bin/../lib/gcc/arm-none-eabi/9.3.1/thumb/v7e-m+fp/hard\libgcc.a(_arm_truncdfsf2.o)
 .ARM.attributes
                0x00000ea8       0x1e c:/vsarm/armcc/bin/../lib/gcc/arm-none-eabi/9.3.1/thumb/v7e-m+fp/hard\libgcc.a(_aeabi_uldivmod.o)
 .ARM.attributes
                0x00000ec6       0x34 c:/vsarm/armcc/bin/../lib/gcc/arm-none-eabi/9.3.1/thumb/v7e-m+fp/hard\libgcc.a(_udivmoddi4.o)
 .ARM.attributes
                0x00000efa       0x1e c:/vsarm/armcc/bin/../lib/gcc/arm-none-eabi/9.3.1/thumb/v7e-m+fp/hard\libgcc.a(_dvmd_tls.o)
 .ARM.attributes
                0x00000f18       0x34 c:/vsarm/armcc/bin/../lib/gcc/arm-none-eabi/9.3.1/../../../../arm-none-eabi/lib/thumb/v7e-m+fp/hard\libnosys.a(close.o)
 .ARM.attributes
                0x00000f4c       0x34 c:/vsarm/armcc/bin/../lib/gcc/arm-none-eabi/9.3.1/../../../../arm-none-eabi/lib/thumb/v7e-m+fp/hard\libnosys.a(fstat.o)
 .ARM.attributes
                0x00000f80       0x34 c:/vsarm/armcc/bin/../lib/gcc/arm-none-eabi/9.3.1/../../../../arm-none-eabi/lib/thumb/v7e-m+fp/hard\libnosys.a(getpid.o)
 .ARM.attributes
                0x00000fb4       0x34 c:/vsarm/armcc/bin/../lib/gcc/arm-none-eabi/9.3.1/../../../../arm-none-eabi/lib/thumb/v7e-m+fp/hard\libnosys.a(isatty.o)
 .ARM.attributes
                0x00000fe8       0x34 c:/vsarm/armcc/bin/../lib/gcc/arm-none-eabi/9.3.1/../../../../arm-none-eabi/lib/thumb/v7e-m+fp/hard\libnosys.a(kill.o)
 .ARM.attributes
                0x0000101c       0x34 c:/vsarm/armcc/bin/../lib/gcc/arm-none-eabi/9.3.1/../../../../arm-none-eabi/lib/thumb/v7e-m+fp/hard\libnosys.a(lseek.o)
 .ARM.attributes
                0x00001050       0x34 c:/vsarm/armcc/bin/../lib/gcc/arm-none-eabi/9.3.1/../../../../arm-none-eabi/lib/thumb/v7e-m+fp/hard\libnosys.a(read.o)
 .ARM.attributes
                0x00001084       0x34 c:/vsarm/armcc/bin/../lib/gcc/arm-none-eabi/9.3.1/../../../../arm-none-eabi/lib/thumb/v7e-m+fp/hard\libnosys.a(sbrk.o)
 .ARM.attributes
                0x000010b8       0x34 c:/vsarm/armcc/bin/../lib/gcc/arm-none-eabi/9.3.1/../../../../arm-none-eabi/lib/thumb/v7e-m+fp/hard\libnosys.a(_exit.o)
 .ARM.attributes
                0x000010ec       0x1e c:/vsarm/armcc/bin/../lib/gcc/arm-none-eabi/9.3.1/thumb/v7e-m+fp/hard/crtn.o
OUTPUT(Build/tryRobot.elf elf32-littlearm)
LOAD linker stubs
LOAD c:/vsarm/armcc/bin/../lib/gcc/arm-none-eabi/9.3.1/../../../../arm-none-eabi/lib/thumb/v7e-m+fp/hard\libc.a
LOAD c:/vsarm/armcc/bin/../lib/gcc/arm-none-eabi/9.3.1/../../../../arm-none-eabi/lib/thumb/v7e-m+fp/hard\libm.a
LOAD c:/vsarm/armcc/bin/../lib/gcc/arm-none-eabi/9.3.1/thumb/v7e-m+fp/hard\libgcc.a

.debug_info     0x00000000    0x29e8d
 .debug_info    0x00000000      0x4fb Build/printf_config.o
 .debug_info    0x000004fb      0x6c3 Build/gpio.o
 .debug_info    0x00000bbe     0x1945 Build/tim.o
 .debug_info    0x00002503      0xf62 Build/usart.o
 .debug_info    0x00003465      0xc8a Build/stm32f4xx_it.o
 .debug_info    0x000040ef      0x3ae Build/stm32f4xx_hal_msp.o
 .debug_info    0x0000449d     0x3955 Build/stm32f4xx_hal_tim.o
 .debug_info    0x00007df2     0x181f Build/stm32f4xx_hal_tim_ex.o
 .debug_info    0x00009611     0x1b32 Build/stm32f4xx_hal_uart.o
 .debug_info    0x0000b143      0xbd9 Build/stm32f4xx_hal_rcc.o
 .debug_info    0x0000bd1c      0x8b8 Build/stm32f4xx_hal_gpio.o
 .debug_info    0x0000c5d4      0xc2e Build/stm32f4xx_hal_dma.o
 .debug_info    0x0000d202     0x11e1 Build/stm32f4xx_hal_cortex.o
 .debug_info    0x0000e3e3      0xb2e Build/stm32f4xx_hal.o
 .debug_info    0x0000ef11      0x5df Build/system_stm32f4xx.o
 .debug_info    0x0000f4f0      0x616 Build/dma.o
 .debug_info    0x0000fb06       0x22 Build/startup_stm32f407xx.o
 .debug_info    0x0000fb28     0x40c0 Build/actuator.o
 .debug_info    0x00013be8     0x3b7c Build/motor.o
 .debug_info    0x00017764     0x442d Build/robo_init.o
 .debug_info    0x0001bb91     0x38e8 Build/encoder.o
 .debug_info    0x0001f479     0x3a33 Build/main.o
 .debug_info    0x00022eac     0x4021 Build/joystick.o
 .debug_info    0x00026ecd     0x2fc0 Build/pid.o

.debug_abbrev   0x00000000     0x4958
 .debug_abbrev  0x00000000      0x1c9 Build/printf_config.o
 .debug_abbrev  0x000001c9      0x17e Build/gpio.o
 .debug_abbrev  0x00000347      0x260 Build/tim.o
 .debug_abbrev  0x000005a7      0x20d Build/usart.o
 .debug_abbrev  0x000007b4      0x1c6 Build/stm32f4xx_it.o
 .debug_abbrev  0x0000097a      0x124 Build/stm32f4xx_hal_msp.o
 .debug_abbrev  0x00000a9e      0x2af Build/stm32f4xx_hal_tim.o
 .debug_abbrev  0x00000d4d      0x2ab Build/stm32f4xx_hal_tim_ex.o
 .debug_abbrev  0x00000ff8      0x2fe Build/stm32f4xx_hal_uart.o
 .debug_abbrev  0x000012f6      0x2cd Build/stm32f4xx_hal_rcc.o
 .debug_abbrev  0x000015c3      0x258 Build/stm32f4xx_hal_gpio.o
 .debug_abbrev  0x0000181b      0x312 Build/stm32f4xx_hal_dma.o
 .debug_abbrev  0x00001b2d      0x3a8 Build/stm32f4xx_hal_cortex.o
 .debug_abbrev  0x00001ed5      0x220 Build/stm32f4xx_hal.o
 .debug_abbrev  0x000020f5      0x12e Build/system_stm32f4xx.o
 .debug_abbrev  0x00002223      0x156 Build/dma.o
 .debug_abbrev  0x00002379       0x12 Build/startup_stm32f407xx.o
 .debug_abbrev  0x0000238b      0x55b Build/actuator.o
 .debug_abbrev  0x000028e6      0x55e Build/motor.o
 .debug_abbrev  0x00002e44      0x620 Build/robo_init.o
 .debug_abbrev  0x00003464      0x5d4 Build/encoder.o
 .debug_abbrev  0x00003a38      0x405 Build/main.o
 .debug_abbrev  0x00003e3d      0x64e Build/joystick.o
 .debug_abbrev  0x0000448b      0x4cd Build/pid.o

.debug_loc      0x00000000     0xb9ad
 .debug_loc     0x00000000      0x14e Build/printf_config.o
 .debug_loc     0x0000014e       0x39 Build/gpio.o
 .debug_loc     0x00000187      0x433 Build/tim.o
 .debug_loc     0x000005ba      0x150 Build/usart.o
 .debug_loc     0x0000070a      0x1a0 Build/stm32f4xx_it.o
 .debug_loc     0x000008aa       0x38 Build/stm32f4xx_hal_msp.o
 .debug_loc     0x000008e2     0x457e Build/stm32f4xx_hal_tim.o
 .debug_loc     0x00004e60     0x15ca Build/stm32f4xx_hal_tim_ex.o
 .debug_loc     0x0000642a     0x1d3d Build/stm32f4xx_hal_uart.o
 .debug_loc     0x00008167      0x698 Build/stm32f4xx_hal_rcc.o
 .debug_loc     0x000087ff      0x5e1 Build/stm32f4xx_hal_gpio.o
 .debug_loc     0x00008de0      0xd6d Build/stm32f4xx_hal_dma.o
 .debug_loc     0x00009b4d      0x7d4 Build/stm32f4xx_hal_cortex.o
 .debug_loc     0x0000a321      0x1cc Build/stm32f4xx_hal.o
 .debug_loc     0x0000a4ed      0x16c Build/system_stm32f4xx.o
 .debug_loc     0x0000a659       0x38 Build/dma.o
 .debug_loc     0x0000a691      0x2f0 Build/actuator.o
 .debug_loc     0x0000a981      0x45f Build/motor.o
 .debug_loc     0x0000ade0      0x477 Build/robo_init.o
 .debug_loc     0x0000b257      0x374 Build/encoder.o
 .debug_loc     0x0000b5cb       0x59 Build/main.o
 .debug_loc     0x0000b624      0x1b6 Build/joystick.o
 .debug_loc     0x0000b7da      0x1d3 Build/pid.o

.debug_aranges  0x00000000      0xe60
 .debug_aranges
                0x00000000       0x28 Build/printf_config.o
 .debug_aranges
                0x00000028       0x20 Build/gpio.o
 .debug_aranges
                0x00000048       0x68 Build/tim.o
 .debug_aranges
                0x000000b0       0x38 Build/usart.o
 .debug_aranges
                0x000000e8       0xc0 Build/stm32f4xx_it.o
 .debug_aranges
                0x000001a8       0x20 Build/stm32f4xx_hal_msp.o
 .debug_aranges
                0x000001c8      0x3a8 Build/stm32f4xx_hal_tim.o
 .debug_aranges
                0x00000570      0x150 Build/stm32f4xx_hal_tim_ex.o
 .debug_aranges
                0x000006c0      0x1d0 Build/stm32f4xx_hal_uart.o
 .debug_aranges
                0x00000890       0x88 Build/stm32f4xx_hal_rcc.o
 .debug_aranges
                0x00000918       0x58 Build/stm32f4xx_hal_gpio.o
 .debug_aranges
                0x00000970       0x90 Build/stm32f4xx_hal_dma.o
 .debug_aranges
                0x00000a00       0xa8 Build/stm32f4xx_hal_cortex.o
 .debug_aranges
                0x00000aa8       0xf0 Build/stm32f4xx_hal.o
 .debug_aranges
                0x00000b98       0x28 Build/system_stm32f4xx.o
 .debug_aranges
                0x00000bc0       0x20 Build/dma.o
 .debug_aranges
                0x00000be0       0x28 Build/startup_stm32f407xx.o
 .debug_aranges
                0x00000c08       0x98 Build/actuator.o
 .debug_aranges
                0x00000ca0       0x50 Build/motor.o
 .debug_aranges
                0x00000cf0       0x48 Build/robo_init.o
 .debug_aranges
                0x00000d38       0x58 Build/encoder.o
 .debug_aranges
                0x00000d90       0x30 Build/main.o
 .debug_aranges
                0x00000dc0       0x58 Build/joystick.o
 .debug_aranges
                0x00000e18       0x48 Build/pid.o

.debug_ranges   0x00000000      0xd90
 .debug_ranges  0x00000000       0x30 Build/printf_config.o
 .debug_ranges  0x00000030       0x10 Build/gpio.o
 .debug_ranges  0x00000040       0x58 Build/tim.o
 .debug_ranges  0x00000098       0x28 Build/usart.o
 .debug_ranges  0x000000c0       0xb0 Build/stm32f4xx_it.o
 .debug_ranges  0x00000170       0x10 Build/stm32f4xx_hal_msp.o
 .debug_ranges  0x00000180      0x398 Build/stm32f4xx_hal_tim.o
 .debug_ranges  0x00000518      0x140 Build/stm32f4xx_hal_tim_ex.o
 .debug_ranges  0x00000658      0x1c0 Build/stm32f4xx_hal_uart.o
 .debug_ranges  0x00000818       0x90 Build/stm32f4xx_hal_rcc.o
 .debug_ranges  0x000008a8       0x48 Build/stm32f4xx_hal_gpio.o
 .debug_ranges  0x000008f0       0x80 Build/stm32f4xx_hal_dma.o
 .debug_ranges  0x00000970       0xf8 Build/stm32f4xx_hal_cortex.o
 .debug_ranges  0x00000a68       0xe0 Build/stm32f4xx_hal.o
 .debug_ranges  0x00000b48       0x18 Build/system_stm32f4xx.o
 .debug_ranges  0x00000b60       0x10 Build/dma.o
 .debug_ranges  0x00000b70       0x20 Build/startup_stm32f407xx.o
 .debug_ranges  0x00000b90       0xa0 Build/actuator.o
 .debug_ranges  0x00000c30       0x40 Build/motor.o
 .debug_ranges  0x00000c70       0x38 Build/robo_init.o
 .debug_ranges  0x00000ca8       0x48 Build/encoder.o
 .debug_ranges  0x00000cf0       0x20 Build/main.o
 .debug_ranges  0x00000d10       0x48 Build/joystick.o
 .debug_ranges  0x00000d58       0x38 Build/pid.o

.debug_line     0x00000000     0xd371
 .debug_line    0x00000000      0x1d5 Build/printf_config.o
 .debug_line    0x000001d5      0x243 Build/gpio.o
 .debug_line    0x00000418      0x937 Build/tim.o
 .debug_line    0x00000d4f      0x468 Build/usart.o
 .debug_line    0x000011b7      0x3da Build/stm32f4xx_it.o
 .debug_line    0x00001591      0x189 Build/stm32f4xx_hal_msp.o
 .debug_line    0x0000171a     0x3670 Build/stm32f4xx_hal_tim.o
 .debug_line    0x00004d8a     0x11a5 Build/stm32f4xx_hal_tim_ex.o
 .debug_line    0x00005f2f     0x1bdf Build/stm32f4xx_hal_uart.o
 .debug_line    0x00007b0e      0xa9a Build/stm32f4xx_hal_rcc.o
 .debug_line    0x000085a8      0x6c8 Build/stm32f4xx_hal_gpio.o
 .debug_line    0x00008c70      0xdea Build/stm32f4xx_hal_dma.o
 .debug_line    0x00009a5a      0x747 Build/stm32f4xx_hal_cortex.o
 .debug_line    0x0000a1a1      0x50c Build/stm32f4xx_hal.o
 .debug_line    0x0000a6ad      0x242 Build/system_stm32f4xx.o
 .debug_line    0x0000a8ef      0x177 Build/dma.o
 .debug_line    0x0000aa66       0x74 Build/startup_stm32f407xx.o
 .debug_line    0x0000aada      0x765 Build/actuator.o
 .debug_line    0x0000b23f      0x547 Build/motor.o
 .debug_line    0x0000b786      0x6fb Build/robo_init.o
 .debug_line    0x0000be81      0x5a0 Build/encoder.o
 .debug_line    0x0000c421      0x532 Build/main.o
 .debug_line    0x0000c953      0x6fa Build/joystick.o
 .debug_line    0x0000d04d      0x324 Build/pid.o

.debug_str      0x00000000     0x56b1
 .debug_str     0x00000000      0x244 Build/printf_config.o
                                0x2a9 (size before relaxing)
 .debug_str     0x00000244      0x16a Build/gpio.o
                                0x397 (size before relaxing)
 .debug_str     0x000003ae      0xc0c Build/tim.o
                               0x1050 (size before relaxing)
 .debug_str     0x00000fba      0x20a Build/usart.o
                                0xd68 (size before relaxing)
 .debug_str     0x000011c4      0x1ed Build/stm32f4xx_it.o
                                0x9d3 (size before relaxing)
 .debug_str     0x000013b1       0x46 Build/stm32f4xx_hal_msp.o
                                0x303 (size before relaxing)
 .debug_str     0x000013f7      0xcca Build/stm32f4xx_hal_tim.o
                               0x14d6 (size before relaxing)
 .debug_str     0x000020c1      0x423 Build/stm32f4xx_hal_tim_ex.o
                                0xcee (size before relaxing)
 .debug_str     0x000024e4      0x551 Build/stm32f4xx_hal_uart.o
                                0xc21 (size before relaxing)
 .debug_str     0x00002a35      0x28c Build/stm32f4xx_hal_rcc.o
                                0x6cc (size before relaxing)
 .debug_str     0x00002cc1      0x117 Build/stm32f4xx_hal_gpio.o
                                0x4f9 (size before relaxing)
 .debug_str     0x00002dd8      0x29b Build/stm32f4xx_hal_dma.o
                                0x77f (size before relaxing)
 .debug_str     0x00003073      0x4a5 Build/stm32f4xx_hal_cortex.o
                                0xc33 (size before relaxing)
 .debug_str     0x00003518      0x292 Build/stm32f4xx_hal.o
                                0xb68 (size before relaxing)
 .debug_str     0x000037aa       0x47 Build/system_stm32f4xx.o
                                0x362 (size before relaxing)
 .debug_str     0x000037f1       0x1b Build/dma.o
                                0x7ee (size before relaxing)
 .debug_str     0x0000380c       0x24 Build/startup_stm32f407xx.o
                                 0x39 (size before relaxing)
 .debug_str     0x00003830     0x160f Build/actuator.o
                               0x1f5a (size before relaxing)
 .debug_str     0x00004e3f       0xb8 Build/motor.o
                               0x19de (size before relaxing)
 .debug_str     0x00004ef7       0xfc Build/robo_init.o
                               0x1e3f (size before relaxing)
 .debug_str     0x00004ff3      0x200 Build/encoder.o
                               0x1914 (size before relaxing)
 .debug_str     0x000051f3       0xb1 Build/main.o
                               0x1b84 (size before relaxing)
 .debug_str     0x000052a4      0x3c7 Build/joystick.o
                               0x1f45 (size before relaxing)
 .debug_str     0x0000566b       0x46 Build/pid.o
                               0x11a0 (size before relaxing)

.comment        0x00000000       0x4c
 .comment       0x00000000       0x4c Build/printf_config.o
                                 0x4d (size before relaxing)
 .comment       0x0000004c       0x4d Build/gpio.o
 .comment       0x0000004c       0x4d Build/tim.o
 .comment       0x0000004c       0x4d Build/usart.o
 .comment       0x0000004c       0x4d Build/stm32f4xx_it.o
 .comment       0x0000004c       0x4d Build/stm32f4xx_hal_msp.o
 .comment       0x0000004c       0x4d Build/stm32f4xx_hal_tim.o
 .comment       0x0000004c       0x4d Build/stm32f4xx_hal_tim_ex.o
 .comment       0x0000004c       0x4d Build/stm32f4xx_hal_uart.o
 .comment       0x0000004c       0x4d Build/stm32f4xx_hal_rcc.o
 .comment       0x0000004c       0x4d Build/stm32f4xx_hal_gpio.o
 .comment       0x0000004c       0x4d Build/stm32f4xx_hal_dma.o
 .comment       0x0000004c       0x4d Build/stm32f4xx_hal_cortex.o
 .comment       0x0000004c       0x4d Build/stm32f4xx_hal.o
 .comment       0x0000004c       0x4d Build/system_stm32f4xx.o
 .comment       0x0000004c       0x4d Build/dma.o
 .comment       0x0000004c       0x4d Build/actuator.o
 .comment       0x0000004c       0x4d Build/motor.o
 .comment       0x0000004c       0x4d Build/robo_init.o
 .comment       0x0000004c       0x4d Build/encoder.o
 .comment       0x0000004c       0x4d Build/main.o
 .comment       0x0000004c       0x4d Build/joystick.o
 .comment       0x0000004c       0x4d Build/pid.o

.debug_frame    0x00000000     0x36f8
 .debug_frame   0x00000000       0x44 Build/printf_config.o
 .debug_frame   0x00000044       0x3c Build/gpio.o
 .debug_frame   0x00000080      0x144 Build/tim.o
 .debug_frame   0x000001c4       0x7c Build/usart.o
 .debug_frame   0x00000240      0x1c8 Build/stm32f4xx_it.o
 .debug_frame   0x00000408       0x2c Build/stm32f4xx_hal_msp.o